--------------------------------------------------------------------------------
Release 14.3 Trace  (nt64)
Copyright (c) 1995-2012 Xilinx, Inc.  All rights reserved.

C:\Xilinx\14.3\ISE_DS\ISE\bin\nt64\unwrapped\trce.exe -intstyle ise -v 3 -s 5
-n 3 -fastpaths -xml font_test_top.twx font_test_top.ncd -o font_test_top.twr
font_test_top.pcf -ucf Nexys2_VGA.ucf

Design file:              font_test_top.ncd
Physical constraint file: font_test_top.pcf
Device,package,speed:     xc3s500e,fg320,-5 (PRODUCTION 1.27 2012-10-12)
Report level:             verbose report

Environment Variable      Effect 
--------------------      ------ 
NONE                      No environment variables were set
--------------------------------------------------------------------------------

INFO:Timing:2698 - No timing constraints found, doing default enumeration.
INFO:Timing:3412 - To improve timing, see the Timing Closure User Guide (UG612).
INFO:Timing:2752 - To get complete path coverage, use the unconstrained paths 
   option. All paths that are not constrained will be reported in the 
   unconstrained paths section(s) of the report.
INFO:Timing:3339 - The clock-to-out numbers in this timing report are based on 
   a 50 Ohm transmission line loading model.  For the details of this model, 
   and for more information on accounting for different loading conditions, 
   please see the device datasheet.
INFO:Timing:3390 - This architecture does not support a default System Jitter 
   value, please add SYSTEM_JITTER constraint to the UCF to modify the Clock 
   Uncertainty calculation.
INFO:Timing:3389 - This architecture does not support 'Discrete Jitter' and 
   'Phase Error' calculations, these terms will be zero in the Clock 
   Uncertainty calculation.  Please make appropriate modification to 
   SYSTEM_JITTER to account for the unsupported Discrete Jitter and Phase 
   Error.



Data Sheet report:
-----------------
All values displayed in nanoseconds (ns)

Clock clk to Pad
------------+------------+------------------+--------+
            | clk (edge) |                  | Clock  |
Destination |   to PAD   |Internal Clock(s) | Phase  |
------------+------------+------------------+--------+
Hsync       |    7.875(R)|clk_BUFGP         |   0.000|
Vsync       |    7.426(R)|clk_BUFGP         |   0.000|
vgaBlue<2>  |    8.016(R)|clk_BUFGP         |   0.000|
vgaBlue<3>  |    7.801(R)|clk_BUFGP         |   0.000|
vgaGreen<1> |    7.522(R)|clk_BUFGP         |   0.000|
vgaGreen<2> |    7.998(R)|clk_BUFGP         |   0.000|
vgaGreen<3> |    7.775(R)|clk_BUFGP         |   0.000|
vgaRed<1>   |    8.047(R)|clk_BUFGP         |   0.000|
vgaRed<2>   |    8.316(R)|clk_BUFGP         |   0.000|
vgaRed<3>   |    8.290(R)|clk_BUFGP         |   0.000|
------------+------------+------------------+--------+

Clock to Setup on destination clock clk
---------------+---------+---------+---------+---------+
               | Src:Rise| Src:Fall| Src:Rise| Src:Fall|
Source Clock   |Dest:Rise|Dest:Rise|Dest:Fall|Dest:Fall|
---------------+---------+---------+---------+---------+
clk            |    4.887|         |         |         |
---------------+---------+---------+---------+---------+


Analysis completed Mon Apr 29 16:51:17 2013 
--------------------------------------------------------------------------------

Trace Settings:
-------------------------
Trace Settings 

Peak Memory Usage: 166 MB



