--------------------------------------------------------------------------------
Release 14.4 Trace  (nt64)
Copyright (c) 1995-2012 Xilinx, Inc.  All rights reserved.

C:\Xilinx\14.4\ISE_DS\ISE\bin\nt64\unwrapped\trce.exe -intstyle ise -v 3 -s 5
-n 3 -fastpaths -xml Lab8_fpga_top.twx Lab8_fpga_top.ncd -o Lab8_fpga_top.twr
Lab8_fpga_top.pcf

Design file:              Lab8_fpga_top.ncd
Physical constraint file: Lab8_fpga_top.pcf
Device,package,speed:     xc3s500e,fg320,-5 (PRODUCTION 1.27 2012-12-04)
Report level:             verbose report

Environment Variable      Effect 
--------------------      ------ 
NONE                      No environment variables were set
--------------------------------------------------------------------------------

INFO:Timing:3412 - To improve timing, see the Timing Closure User Guide (UG612).
INFO:Timing:2752 - To get complete path coverage, use the unconstrained paths 
   option. All paths that are not constrained will be reported in the 
   unconstrained paths section(s) of the report.
INFO:Timing:3339 - The clock-to-out numbers in this timing report are based on 
   a 50 Ohm transmission line loading model.  For the details of this model, 
   and for more information on accounting for different loading conditions, 
   please see the device datasheet.
INFO:Timing:3390 - This architecture does not support a default System Jitter 
   value, please add SYSTEM_JITTER constraint to the UCF to modify the Clock 
   Uncertainty calculation.
INFO:Timing:3389 - This architecture does not support 'Discrete Jitter' and 
   'Phase Error' calculations, these terms will be zero in the Clock 
   Uncertainty calculation.  Please make appropriate modification to 
   SYSTEM_JITTER to account for the unsupported Discrete Jitter and Phase 
   Error.

================================================================================
Timing constraint: TS_clk = PERIOD TIMEGRP "clk" 20 ns HIGH 50%;
For more information, see Period Analysis in the Timing Closure User Guide (UG612).

 169957520 paths analyzed, 308 endpoints analyzed, 7 failing endpoints
 7 timing errors detected. (7 setup errors, 0 hold errors, 0 component switching limit errors)
 Minimum period is  29.417ns.
--------------------------------------------------------------------------------

Paths for end point MRT/rgb_next_5 (SLICE_X13Y26.BY), 56561319 paths
--------------------------------------------------------------------------------
Slack (setup path):     -9.417ns (requirement - (data path - clock path skew + uncertainty))
  Source:               tile_height_2_1 (FF)
  Destination:          MRT/rgb_next_5 (FF)
  Requirement:          20.000ns
  Data Path Delay:      29.377ns (Levels of Logic = 20)(Component delays alone exceeds constraint)
  Clock Path Skew:      -0.040ns (0.020 - 0.060)
  Source Clock:         clk_BUFGP rising at 0.000ns
  Destination Clock:    clk_BUFGP rising at 20.000ns
  Clock Uncertainty:    0.000ns

  Maximum Data Path: tile_height_2_1 to MRT/rgb_next_5
    Location             Delay type         Delay(ns)  Physical Resource
                                                       Logical Resource(s)
    -------------------------------------------------  -------------------
    SLICE_X0Y37.YQ       Tcko                  0.567   tile_height_2_1
                                                       tile_height_2_1
    SLICE_X2Y39.G4       net (fanout=7)        0.576   tile_height_2_1
    SLICE_X2Y39.Y        Tilo                  0.660   MRT/Sh160
                                                       MRT/_shift0000<0>31
    SLICE_X2Y38.G3       net (fanout=5)        0.055   MRT/N63
    SLICE_X2Y38.Y        Tilo                  0.660   MRT/Sh163
                                                       MRT/Sh1611
    MULT18X18_X0Y4.A1    net (fanout=3)        0.314   MRT/Sh161
    MULT18X18_X0Y4.P1    Tmult                 3.251   MRT/Mmult_maze_pixel_h_mult0001
                                                       MRT/Mmult_maze_pixel_h_mult0001
    SLICE_X13Y32.G4      net (fanout=3)        1.026   MRT/maze_pixel_h<1>
    SLICE_X13Y32.COUT    Topcyg                0.871   MRT/maze_border_y<0>
                                                       MRT/maze_border_y_not0000<1>1_INV_0
                                                       MRT/Madd_maze_border_y_sub0000_Madd_cy<1>
    SLICE_X13Y33.CIN     net (fanout=1)        0.000   MRT/Madd_maze_border_y_sub0000_Madd_cy<1>
    SLICE_X13Y33.Y       Tciny                 0.756   MRT/maze_border_y<1>
                                                       MRT/Madd_maze_border_y_sub0000_Madd_cy<2>
                                                       MRT/Madd_maze_border_y_sub0000_Madd_xor<3>
    SLICE_X12Y34.F3      net (fanout=4)        0.292   MRT/maze_border_y<2>
    SLICE_X12Y34.COUT    Topcyf                1.011   MRT/centered_tile_y_addsub0000<2>
                                                       MRT/Msub_centered_tile_y_addsub0000_lut<2>
                                                       MRT/Msub_centered_tile_y_addsub0000_cy<2>
                                                       MRT/Msub_centered_tile_y_addsub0000_cy<3>
    SLICE_X12Y35.CIN     net (fanout=1)        0.000   MRT/Msub_centered_tile_y_addsub0000_cy<3>
    SLICE_X12Y35.Y       Tciny                 0.768   MRT/centered_tile_y_addsub0000<4>
                                                       MRT/Msub_centered_tile_y_addsub0000_cy<4>
                                                       MRT/Msub_centered_tile_y_addsub0000_xor<5>
    SLICE_X14Y34.G3      net (fanout=3)        0.277   MRT/centered_tile_y_addsub0000<5>
    SLICE_X14Y34.Y       Tilo                  0.660   N69
                                                       MRT/centered_tile_y_shift0000<0>191
    SLICE_X12Y41.G4      net (fanout=1)        0.766   MRT/centered_tile_y_shift0000<0>191
    SLICE_X12Y41.X       Tif5x                 1.000   MRT/N12
                                                       MRT/centered_tile_y_shift0000<0>136_F
                                                       MRT/centered_tile_y_shift0000<0>136
    SLICE_X12Y43.F3      net (fanout=2)        0.241   MRT/N12
    SLICE_X12Y43.X       Tilo                  0.660   MRT/centered_tile_y<0>
                                                       MRT/centered_tile_y_shift0000<0>61
    MULT18X18_X0Y5.B0    net (fanout=6)        0.575   MRT/centered_tile_y<0>
    MULT18X18_X0Y5.P8    Tmult                 3.953   MRT/Mmult__mult0001
                                                       MRT/Mmult__mult0001
    SLICE_X2Y44.F1       net (fanout=1)        0.833   MRT/_mult0001<8>
    SLICE_X2Y44.COUT     Topcyf                1.011   MRT/_sub0003<8>
                                                       MRT/Msub__sub0003_lut<8>
                                                       MRT/Msub__sub0003_cy<8>
                                                       MRT/Msub__sub0003_cy<9>
    SLICE_X2Y45.CIN      net (fanout=1)        0.000   MRT/Msub__sub0003_cy<9>
    SLICE_X2Y45.Y        Tciny                 0.768   MRT/_sub0003<10>
                                                       MRT/Msub__sub0003_cy<10>
                                                       MRT/Msub__sub0003_xor<11>
    SLICE_X1Y45.G4       net (fanout=2)        0.284   MRT/_sub0003<11>
    SLICE_X1Y45.Y        Tilo                  0.612   N86
                                                       MRT/_shift0000<0>139
    SLICE_X1Y45.F4       net (fanout=1)        0.020   MRT/_shift0000<0>139/O
    SLICE_X1Y45.X        Tilo                  0.612   N86
                                                       MRT/_shift0000<0>198_SW0
    SLICE_X0Y43.F1       net (fanout=2)        0.388   N86
    SLICE_X0Y43.X        Tilo                  0.660   MRT/N5
                                                       MRT/_shift0000<0>1124
    SLICE_X13Y27.F4      net (fanout=1)        0.981   MRT/N5
    SLICE_X13Y27.X       Tilo                  0.612   MRT/Madd__COND_19_Madd_lut<3>
                                                       MRT/Madd__COND_19_Madd_lut<3>123
    SLICE_X12Y26.F4      net (fanout=2)        0.033   MRT/Madd__COND_19_Madd_lut<3>
    SLICE_X12Y26.X       Tilo                  0.660   N58
                                                       MRT/rgb_next_and0002219_SW0
    SLICE_X12Y28.G3      net (fanout=1)        0.270   N58
    SLICE_X12Y28.Y       Tilo                  0.660   MRT/rgb_next<0>
                                                       MRT/rgb_next_and0002219
    SLICE_X12Y28.F4      net (fanout=2)        0.037   MRT/rgb_next_and0002
    SLICE_X12Y28.X       Tilo                  0.660   MRT/rgb_next<0>
                                                       MRT/rgb_next_mux0000<0>2
    SLICE_X13Y26.BY      net (fanout=1)        0.384   MRT/N168
    SLICE_X13Y26.CLK     Tsrck                 0.953   MRT/rgb_next<5>
                                                       MRT/rgb_next_5
    -------------------------------------------------  ---------------------------
    Total                                     29.377ns (22.025ns logic, 7.352ns route)
                                                       (75.0% logic, 25.0% route)

--------------------------------------------------------------------------------
Slack (setup path):     -9.417ns (requirement - (data path - clock path skew + uncertainty))
  Source:               tile_height_2_1 (FF)
  Destination:          MRT/rgb_next_5 (FF)
  Requirement:          20.000ns
  Data Path Delay:      29.377ns (Levels of Logic = 20)(Component delays alone exceeds constraint)
  Clock Path Skew:      -0.040ns (0.020 - 0.060)
  Source Clock:         clk_BUFGP rising at 0.000ns
  Destination Clock:    clk_BUFGP rising at 20.000ns
  Clock Uncertainty:    0.000ns

  Maximum Data Path: tile_height_2_1 to MRT/rgb_next_5
    Location             Delay type         Delay(ns)  Physical Resource
                                                       Logical Resource(s)
    -------------------------------------------------  -------------------
    SLICE_X0Y37.YQ       Tcko                  0.567   tile_height_2_1
                                                       tile_height_2_1
    SLICE_X2Y39.G4       net (fanout=7)        0.576   tile_height_2_1
    SLICE_X2Y39.Y        Tilo                  0.660   MRT/Sh160
                                                       MRT/_shift0000<0>31
    SLICE_X2Y38.G3       net (fanout=5)        0.055   MRT/N63
    SLICE_X2Y38.Y        Tilo                  0.660   MRT/Sh163
                                                       MRT/Sh1611
    MULT18X18_X0Y4.A1    net (fanout=3)        0.314   MRT/Sh161
    MULT18X18_X0Y4.P1    Tmult                 3.251   MRT/Mmult_maze_pixel_h_mult0001
                                                       MRT/Mmult_maze_pixel_h_mult0001
    SLICE_X13Y32.G4      net (fanout=3)        1.026   MRT/maze_pixel_h<1>
    SLICE_X13Y32.COUT    Topcyg                0.871   MRT/maze_border_y<0>
                                                       MRT/maze_border_y_not0000<1>1_INV_0
                                                       MRT/Madd_maze_border_y_sub0000_Madd_cy<1>
    SLICE_X13Y33.CIN     net (fanout=1)        0.000   MRT/Madd_maze_border_y_sub0000_Madd_cy<1>
    SLICE_X13Y33.Y       Tciny                 0.756   MRT/maze_border_y<1>
                                                       MRT/Madd_maze_border_y_sub0000_Madd_cy<2>
                                                       MRT/Madd_maze_border_y_sub0000_Madd_xor<3>
    SLICE_X12Y34.F3      net (fanout=4)        0.292   MRT/maze_border_y<2>
    SLICE_X12Y34.COUT    Topcyf                1.011   MRT/centered_tile_y_addsub0000<2>
                                                       MRT/Msub_centered_tile_y_addsub0000_lut<2>
                                                       MRT/Msub_centered_tile_y_addsub0000_cy<2>
                                                       MRT/Msub_centered_tile_y_addsub0000_cy<3>
    SLICE_X12Y35.CIN     net (fanout=1)        0.000   MRT/Msub_centered_tile_y_addsub0000_cy<3>
    SLICE_X12Y35.Y       Tciny                 0.768   MRT/centered_tile_y_addsub0000<4>
                                                       MRT/Msub_centered_tile_y_addsub0000_cy<4>
                                                       MRT/Msub_centered_tile_y_addsub0000_xor<5>
    SLICE_X14Y34.G3      net (fanout=3)        0.277   MRT/centered_tile_y_addsub0000<5>
    SLICE_X14Y34.Y       Tilo                  0.660   N69
                                                       MRT/centered_tile_y_shift0000<0>191
    SLICE_X12Y41.G4      net (fanout=1)        0.766   MRT/centered_tile_y_shift0000<0>191
    SLICE_X12Y41.X       Tif5x                 1.000   MRT/N12
                                                       MRT/centered_tile_y_shift0000<0>136_F
                                                       MRT/centered_tile_y_shift0000<0>136
    SLICE_X12Y42.G3      net (fanout=2)        0.241   MRT/N12
    SLICE_X12Y42.Y       Tilo                  0.660   MRT/_COND_21<6>
                                                       MRT/centered_tile_y_shift0000<1>
    MULT18X18_X0Y5.B1    net (fanout=5)        0.575   MRT/Madd__COND_21_Madd_lut<5>
    MULT18X18_X0Y5.P8    Tmult                 3.953   MRT/Mmult__mult0001
                                                       MRT/Mmult__mult0001
    SLICE_X2Y44.F1       net (fanout=1)        0.833   MRT/_mult0001<8>
    SLICE_X2Y44.COUT     Topcyf                1.011   MRT/_sub0003<8>
                                                       MRT/Msub__sub0003_lut<8>
                                                       MRT/Msub__sub0003_cy<8>
                                                       MRT/Msub__sub0003_cy<9>
    SLICE_X2Y45.CIN      net (fanout=1)        0.000   MRT/Msub__sub0003_cy<9>
    SLICE_X2Y45.Y        Tciny                 0.768   MRT/_sub0003<10>
                                                       MRT/Msub__sub0003_cy<10>
                                                       MRT/Msub__sub0003_xor<11>
    SLICE_X1Y45.G4       net (fanout=2)        0.284   MRT/_sub0003<11>
    SLICE_X1Y45.Y        Tilo                  0.612   N86
                                                       MRT/_shift0000<0>139
    SLICE_X1Y45.F4       net (fanout=1)        0.020   MRT/_shift0000<0>139/O
    SLICE_X1Y45.X        Tilo                  0.612   N86
                                                       MRT/_shift0000<0>198_SW0
    SLICE_X0Y43.F1       net (fanout=2)        0.388   N86
    SLICE_X0Y43.X        Tilo                  0.660   MRT/N5
                                                       MRT/_shift0000<0>1124
    SLICE_X13Y27.F4      net (fanout=1)        0.981   MRT/N5
    SLICE_X13Y27.X       Tilo                  0.612   MRT/Madd__COND_19_Madd_lut<3>
                                                       MRT/Madd__COND_19_Madd_lut<3>123
    SLICE_X12Y26.F4      net (fanout=2)        0.033   MRT/Madd__COND_19_Madd_lut<3>
    SLICE_X12Y26.X       Tilo                  0.660   N58
                                                       MRT/rgb_next_and0002219_SW0
    SLICE_X12Y28.G3      net (fanout=1)        0.270   N58
    SLICE_X12Y28.Y       Tilo                  0.660   MRT/rgb_next<0>
                                                       MRT/rgb_next_and0002219
    SLICE_X12Y28.F4      net (fanout=2)        0.037   MRT/rgb_next_and0002
    SLICE_X12Y28.X       Tilo                  0.660   MRT/rgb_next<0>
                                                       MRT/rgb_next_mux0000<0>2
    SLICE_X13Y26.BY      net (fanout=1)        0.384   MRT/N168
    SLICE_X13Y26.CLK     Tsrck                 0.953   MRT/rgb_next<5>
                                                       MRT/rgb_next_5
    -------------------------------------------------  ---------------------------
    Total                                     29.377ns (22.025ns logic, 7.352ns route)
                                                       (75.0% logic, 25.0% route)

--------------------------------------------------------------------------------
Slack (setup path):     -9.394ns (requirement - (data path - clock path skew + uncertainty))
  Source:               tile_height_2_1 (FF)
  Destination:          MRT/rgb_next_5 (FF)
  Requirement:          20.000ns
  Data Path Delay:      29.354ns (Levels of Logic = 20)(Component delays alone exceeds constraint)
  Clock Path Skew:      -0.040ns (0.020 - 0.060)
  Source Clock:         clk_BUFGP rising at 0.000ns
  Destination Clock:    clk_BUFGP rising at 20.000ns
  Clock Uncertainty:    0.000ns

  Maximum Data Path: tile_height_2_1 to MRT/rgb_next_5
    Location             Delay type         Delay(ns)  Physical Resource
                                                       Logical Resource(s)
    -------------------------------------------------  -------------------
    SLICE_X0Y37.YQ       Tcko                  0.567   tile_height_2_1
                                                       tile_height_2_1
    SLICE_X2Y39.G4       net (fanout=7)        0.576   tile_height_2_1
    SLICE_X2Y39.Y        Tilo                  0.660   MRT/Sh160
                                                       MRT/_shift0000<0>31
    SLICE_X2Y38.G3       net (fanout=5)        0.055   MRT/N63
    SLICE_X2Y38.Y        Tilo                  0.660   MRT/Sh163
                                                       MRT/Sh1611
    MULT18X18_X0Y4.A1    net (fanout=3)        0.314   MRT/Sh161
    MULT18X18_X0Y4.P1    Tmult                 3.251   MRT/Mmult_maze_pixel_h_mult0001
                                                       MRT/Mmult_maze_pixel_h_mult0001
    SLICE_X13Y32.G4      net (fanout=3)        1.026   MRT/maze_pixel_h<1>
    SLICE_X13Y32.COUT    Topcyg                0.871   MRT/maze_border_y<0>
                                                       MRT/maze_border_y_not0000<1>1_INV_0
                                                       MRT/Madd_maze_border_y_sub0000_Madd_cy<1>
    SLICE_X13Y33.CIN     net (fanout=1)        0.000   MRT/Madd_maze_border_y_sub0000_Madd_cy<1>
    SLICE_X13Y33.Y       Tciny                 0.756   MRT/maze_border_y<1>
                                                       MRT/Madd_maze_border_y_sub0000_Madd_cy<2>
                                                       MRT/Madd_maze_border_y_sub0000_Madd_xor<3>
    SLICE_X12Y34.F3      net (fanout=4)        0.292   MRT/maze_border_y<2>
    SLICE_X12Y34.COUT    Topcyf                1.011   MRT/centered_tile_y_addsub0000<2>
                                                       MRT/Msub_centered_tile_y_addsub0000_lut<2>
                                                       MRT/Msub_centered_tile_y_addsub0000_cy<2>
                                                       MRT/Msub_centered_tile_y_addsub0000_cy<3>
    SLICE_X12Y35.CIN     net (fanout=1)        0.000   MRT/Msub_centered_tile_y_addsub0000_cy<3>
    SLICE_X12Y35.Y       Tciny                 0.768   MRT/centered_tile_y_addsub0000<4>
                                                       MRT/Msub_centered_tile_y_addsub0000_cy<4>
                                                       MRT/Msub_centered_tile_y_addsub0000_xor<5>
    SLICE_X14Y34.G3      net (fanout=3)        0.277   MRT/centered_tile_y_addsub0000<5>
    SLICE_X14Y34.Y       Tilo                  0.660   N69
                                                       MRT/centered_tile_y_shift0000<0>191
    SLICE_X12Y41.G4      net (fanout=1)        0.766   MRT/centered_tile_y_shift0000<0>191
    SLICE_X12Y41.X       Tif5x                 1.000   MRT/N12
                                                       MRT/centered_tile_y_shift0000<0>136_F
                                                       MRT/centered_tile_y_shift0000<0>136
    SLICE_X12Y42.G3      net (fanout=2)        0.241   MRT/N12
    SLICE_X12Y42.Y       Tilo                  0.660   MRT/_COND_21<6>
                                                       MRT/centered_tile_y_shift0000<1>
    MULT18X18_X0Y5.B1    net (fanout=5)        0.575   MRT/Madd__COND_21_Madd_lut<5>
    MULT18X18_X0Y5.P8    Tmult                 3.953   MRT/Mmult__mult0001
                                                       MRT/Mmult__mult0001
    SLICE_X2Y44.F1       net (fanout=1)        0.833   MRT/_mult0001<8>
    SLICE_X2Y44.COUT     Topcyf                1.011   MRT/_sub0003<8>
                                                       MRT/Msub__sub0003_lut<8>
                                                       MRT/Msub__sub0003_cy<8>
                                                       MRT/Msub__sub0003_cy<9>
    SLICE_X2Y45.CIN      net (fanout=1)        0.000   MRT/Msub__sub0003_cy<9>
    SLICE_X2Y45.Y        Tciny                 0.768   MRT/_sub0003<10>
                                                       MRT/Msub__sub0003_cy<10>
                                                       MRT/Msub__sub0003_xor<11>
    SLICE_X1Y45.G4       net (fanout=2)        0.284   MRT/_sub0003<11>
    SLICE_X1Y45.Y        Tilo                  0.612   N86
                                                       MRT/_shift0000<0>139
    SLICE_X1Y45.F4       net (fanout=1)        0.020   MRT/_shift0000<0>139/O
    SLICE_X1Y45.X        Tilo                  0.612   N86
                                                       MRT/_shift0000<0>198_SW0
    SLICE_X0Y43.F1       net (fanout=2)        0.388   N86
    SLICE_X0Y43.X        Tilo                  0.660   MRT/N5
                                                       MRT/_shift0000<0>1124
    SLICE_X13Y27.F4      net (fanout=1)        0.981   MRT/N5
    SLICE_X13Y27.X       Tilo                  0.612   MRT/Madd__COND_19_Madd_lut<3>
                                                       MRT/Madd__COND_19_Madd_lut<3>123
    SLICE_X13Y29.F3      net (fanout=2)        0.253   MRT/Madd__COND_19_Madd_lut<3>
    SLICE_X13Y29.X       Tilo                  0.612   N59
                                                       MRT/rgb_next_and0002219_SW1
    SLICE_X12Y28.G4      net (fanout=1)        0.075   N59
    SLICE_X12Y28.Y       Tilo                  0.660   MRT/rgb_next<0>
                                                       MRT/rgb_next_and0002219
    SLICE_X12Y28.F4      net (fanout=2)        0.037   MRT/rgb_next_and0002
    SLICE_X12Y28.X       Tilo                  0.660   MRT/rgb_next<0>
                                                       MRT/rgb_next_mux0000<0>2
    SLICE_X13Y26.BY      net (fanout=1)        0.384   MRT/N168
    SLICE_X13Y26.CLK     Tsrck                 0.953   MRT/rgb_next<5>
                                                       MRT/rgb_next_5
    -------------------------------------------------  ---------------------------
    Total                                     29.354ns (21.977ns logic, 7.377ns route)
                                                       (74.9% logic, 25.1% route)

--------------------------------------------------------------------------------

Paths for end point MRT/rgb_next_2 (SLICE_X13Y28.G1), 54864269 paths
--------------------------------------------------------------------------------
Slack (setup path):     -8.301ns (requirement - (data path - clock path skew + uncertainty))
  Source:               tile_height_2_1 (FF)
  Destination:          MRT/rgb_next_2 (FF)
  Requirement:          20.000ns
  Data Path Delay:      28.259ns (Levels of Logic = 20)(Component delays alone exceeds constraint)
  Clock Path Skew:      -0.042ns (0.018 - 0.060)
  Source Clock:         clk_BUFGP rising at 0.000ns
  Destination Clock:    clk_BUFGP rising at 20.000ns
  Clock Uncertainty:    0.000ns

  Maximum Data Path: tile_height_2_1 to MRT/rgb_next_2
    Location             Delay type         Delay(ns)  Physical Resource
                                                       Logical Resource(s)
    -------------------------------------------------  -------------------
    SLICE_X0Y37.YQ       Tcko                  0.567   tile_height_2_1
                                                       tile_height_2_1
    SLICE_X2Y39.G4       net (fanout=7)        0.576   tile_height_2_1
    SLICE_X2Y39.Y        Tilo                  0.660   MRT/Sh160
                                                       MRT/_shift0000<0>31
    SLICE_X2Y38.G3       net (fanout=5)        0.055   MRT/N63
    SLICE_X2Y38.Y        Tilo                  0.660   MRT/Sh163
                                                       MRT/Sh1611
    MULT18X18_X0Y4.A1    net (fanout=3)        0.314   MRT/Sh161
    MULT18X18_X0Y4.P1    Tmult                 3.251   MRT/Mmult_maze_pixel_h_mult0001
                                                       MRT/Mmult_maze_pixel_h_mult0001
    SLICE_X13Y32.G4      net (fanout=3)        1.026   MRT/maze_pixel_h<1>
    SLICE_X13Y32.COUT    Topcyg                0.871   MRT/maze_border_y<0>
                                                       MRT/maze_border_y_not0000<1>1_INV_0
                                                       MRT/Madd_maze_border_y_sub0000_Madd_cy<1>
    SLICE_X13Y33.CIN     net (fanout=1)        0.000   MRT/Madd_maze_border_y_sub0000_Madd_cy<1>
    SLICE_X13Y33.Y       Tciny                 0.756   MRT/maze_border_y<1>
                                                       MRT/Madd_maze_border_y_sub0000_Madd_cy<2>
                                                       MRT/Madd_maze_border_y_sub0000_Madd_xor<3>
    SLICE_X12Y34.F3      net (fanout=4)        0.292   MRT/maze_border_y<2>
    SLICE_X12Y34.COUT    Topcyf                1.011   MRT/centered_tile_y_addsub0000<2>
                                                       MRT/Msub_centered_tile_y_addsub0000_lut<2>
                                                       MRT/Msub_centered_tile_y_addsub0000_cy<2>
                                                       MRT/Msub_centered_tile_y_addsub0000_cy<3>
    SLICE_X12Y35.CIN     net (fanout=1)        0.000   MRT/Msub_centered_tile_y_addsub0000_cy<3>
    SLICE_X12Y35.Y       Tciny                 0.768   MRT/centered_tile_y_addsub0000<4>
                                                       MRT/Msub_centered_tile_y_addsub0000_cy<4>
                                                       MRT/Msub_centered_tile_y_addsub0000_xor<5>
    SLICE_X14Y34.G3      net (fanout=3)        0.277   MRT/centered_tile_y_addsub0000<5>
    SLICE_X14Y34.Y       Tilo                  0.660   N69
                                                       MRT/centered_tile_y_shift0000<0>191
    SLICE_X12Y41.G4      net (fanout=1)        0.766   MRT/centered_tile_y_shift0000<0>191
    SLICE_X12Y41.X       Tif5x                 1.000   MRT/N12
                                                       MRT/centered_tile_y_shift0000<0>136_F
                                                       MRT/centered_tile_y_shift0000<0>136
    SLICE_X12Y43.F3      net (fanout=2)        0.241   MRT/N12
    SLICE_X12Y43.X       Tilo                  0.660   MRT/centered_tile_y<0>
                                                       MRT/centered_tile_y_shift0000<0>61
    MULT18X18_X0Y5.B0    net (fanout=6)        0.575   MRT/centered_tile_y<0>
    MULT18X18_X0Y5.P8    Tmult                 3.953   MRT/Mmult__mult0001
                                                       MRT/Mmult__mult0001
    SLICE_X2Y44.F1       net (fanout=1)        0.833   MRT/_mult0001<8>
    SLICE_X2Y44.COUT     Topcyf                1.011   MRT/_sub0003<8>
                                                       MRT/Msub__sub0003_lut<8>
                                                       MRT/Msub__sub0003_cy<8>
                                                       MRT/Msub__sub0003_cy<9>
    SLICE_X2Y45.CIN      net (fanout=1)        0.000   MRT/Msub__sub0003_cy<9>
    SLICE_X2Y45.Y        Tciny                 0.768   MRT/_sub0003<10>
                                                       MRT/Msub__sub0003_cy<10>
                                                       MRT/Msub__sub0003_xor<11>
    SLICE_X1Y45.G4       net (fanout=2)        0.284   MRT/_sub0003<11>
    SLICE_X1Y45.Y        Tilo                  0.612   N86
                                                       MRT/_shift0000<0>139
    SLICE_X1Y45.F4       net (fanout=1)        0.020   MRT/_shift0000<0>139/O
    SLICE_X1Y45.X        Tilo                  0.612   N86
                                                       MRT/_shift0000<0>198_SW0
    SLICE_X0Y43.F1       net (fanout=2)        0.388   N86
    SLICE_X0Y43.X        Tilo                  0.660   MRT/N5
                                                       MRT/_shift0000<0>1124
    SLICE_X13Y27.F4      net (fanout=1)        0.981   MRT/N5
    SLICE_X13Y27.X       Tilo                  0.612   MRT/Madd__COND_19_Madd_lut<3>
                                                       MRT/Madd__COND_19_Madd_lut<3>123
    SLICE_X12Y26.F4      net (fanout=2)        0.033   MRT/Madd__COND_19_Madd_lut<3>
    SLICE_X12Y26.X       Tilo                  0.660   N58
                                                       MRT/rgb_next_and0002219_SW0
    SLICE_X12Y28.G3      net (fanout=1)        0.270   N58
    SLICE_X12Y28.Y       Tilo                  0.660   MRT/rgb_next<0>
                                                       MRT/rgb_next_and0002219
    SLICE_X13Y28.G1      net (fanout=2)        0.188   MRT/rgb_next_and0002
    SLICE_X13Y28.CLK     Tgck                  0.728   MRT/rgb_next<2>
                                                       MRT/rgb_next_mux0000<3>401
                                                       MRT/rgb_next_2
    -------------------------------------------------  ---------------------------
    Total                                     28.259ns (21.140ns logic, 7.119ns route)
                                                       (74.8% logic, 25.2% route)

--------------------------------------------------------------------------------
Slack (setup path):     -8.301ns (requirement - (data path - clock path skew + uncertainty))
  Source:               tile_height_2_1 (FF)
  Destination:          MRT/rgb_next_2 (FF)
  Requirement:          20.000ns
  Data Path Delay:      28.259ns (Levels of Logic = 20)(Component delays alone exceeds constraint)
  Clock Path Skew:      -0.042ns (0.018 - 0.060)
  Source Clock:         clk_BUFGP rising at 0.000ns
  Destination Clock:    clk_BUFGP rising at 20.000ns
  Clock Uncertainty:    0.000ns

  Maximum Data Path: tile_height_2_1 to MRT/rgb_next_2
    Location             Delay type         Delay(ns)  Physical Resource
                                                       Logical Resource(s)
    -------------------------------------------------  -------------------
    SLICE_X0Y37.YQ       Tcko                  0.567   tile_height_2_1
                                                       tile_height_2_1
    SLICE_X2Y39.G4       net (fanout=7)        0.576   tile_height_2_1
    SLICE_X2Y39.Y        Tilo                  0.660   MRT/Sh160
                                                       MRT/_shift0000<0>31
    SLICE_X2Y38.G3       net (fanout=5)        0.055   MRT/N63
    SLICE_X2Y38.Y        Tilo                  0.660   MRT/Sh163
                                                       MRT/Sh1611
    MULT18X18_X0Y4.A1    net (fanout=3)        0.314   MRT/Sh161
    MULT18X18_X0Y4.P1    Tmult                 3.251   MRT/Mmult_maze_pixel_h_mult0001
                                                       MRT/Mmult_maze_pixel_h_mult0001
    SLICE_X13Y32.G4      net (fanout=3)        1.026   MRT/maze_pixel_h<1>
    SLICE_X13Y32.COUT    Topcyg                0.871   MRT/maze_border_y<0>
                                                       MRT/maze_border_y_not0000<1>1_INV_0
                                                       MRT/Madd_maze_border_y_sub0000_Madd_cy<1>
    SLICE_X13Y33.CIN     net (fanout=1)        0.000   MRT/Madd_maze_border_y_sub0000_Madd_cy<1>
    SLICE_X13Y33.Y       Tciny                 0.756   MRT/maze_border_y<1>
                                                       MRT/Madd_maze_border_y_sub0000_Madd_cy<2>
                                                       MRT/Madd_maze_border_y_sub0000_Madd_xor<3>
    SLICE_X12Y34.F3      net (fanout=4)        0.292   MRT/maze_border_y<2>
    SLICE_X12Y34.COUT    Topcyf                1.011   MRT/centered_tile_y_addsub0000<2>
                                                       MRT/Msub_centered_tile_y_addsub0000_lut<2>
                                                       MRT/Msub_centered_tile_y_addsub0000_cy<2>
                                                       MRT/Msub_centered_tile_y_addsub0000_cy<3>
    SLICE_X12Y35.CIN     net (fanout=1)        0.000   MRT/Msub_centered_tile_y_addsub0000_cy<3>
    SLICE_X12Y35.Y       Tciny                 0.768   MRT/centered_tile_y_addsub0000<4>
                                                       MRT/Msub_centered_tile_y_addsub0000_cy<4>
                                                       MRT/Msub_centered_tile_y_addsub0000_xor<5>
    SLICE_X14Y34.G3      net (fanout=3)        0.277   MRT/centered_tile_y_addsub0000<5>
    SLICE_X14Y34.Y       Tilo                  0.660   N69
                                                       MRT/centered_tile_y_shift0000<0>191
    SLICE_X12Y41.G4      net (fanout=1)        0.766   MRT/centered_tile_y_shift0000<0>191
    SLICE_X12Y41.X       Tif5x                 1.000   MRT/N12
                                                       MRT/centered_tile_y_shift0000<0>136_F
                                                       MRT/centered_tile_y_shift0000<0>136
    SLICE_X12Y42.G3      net (fanout=2)        0.241   MRT/N12
    SLICE_X12Y42.Y       Tilo                  0.660   MRT/_COND_21<6>
                                                       MRT/centered_tile_y_shift0000<1>
    MULT18X18_X0Y5.B1    net (fanout=5)        0.575   MRT/Madd__COND_21_Madd_lut<5>
    MULT18X18_X0Y5.P8    Tmult                 3.953   MRT/Mmult__mult0001
                                                       MRT/Mmult__mult0001
    SLICE_X2Y44.F1       net (fanout=1)        0.833   MRT/_mult0001<8>
    SLICE_X2Y44.COUT     Topcyf                1.011   MRT/_sub0003<8>
                                                       MRT/Msub__sub0003_lut<8>
                                                       MRT/Msub__sub0003_cy<8>
                                                       MRT/Msub__sub0003_cy<9>
    SLICE_X2Y45.CIN      net (fanout=1)        0.000   MRT/Msub__sub0003_cy<9>
    SLICE_X2Y45.Y        Tciny                 0.768   MRT/_sub0003<10>
                                                       MRT/Msub__sub0003_cy<10>
                                                       MRT/Msub__sub0003_xor<11>
    SLICE_X1Y45.G4       net (fanout=2)        0.284   MRT/_sub0003<11>
    SLICE_X1Y45.Y        Tilo                  0.612   N86
                                                       MRT/_shift0000<0>139
    SLICE_X1Y45.F4       net (fanout=1)        0.020   MRT/_shift0000<0>139/O
    SLICE_X1Y45.X        Tilo                  0.612   N86
                                                       MRT/_shift0000<0>198_SW0
    SLICE_X0Y43.F1       net (fanout=2)        0.388   N86
    SLICE_X0Y43.X        Tilo                  0.660   MRT/N5
                                                       MRT/_shift0000<0>1124
    SLICE_X13Y27.F4      net (fanout=1)        0.981   MRT/N5
    SLICE_X13Y27.X       Tilo                  0.612   MRT/Madd__COND_19_Madd_lut<3>
                                                       MRT/Madd__COND_19_Madd_lut<3>123
    SLICE_X12Y26.F4      net (fanout=2)        0.033   MRT/Madd__COND_19_Madd_lut<3>
    SLICE_X12Y26.X       Tilo                  0.660   N58
                                                       MRT/rgb_next_and0002219_SW0
    SLICE_X12Y28.G3      net (fanout=1)        0.270   N58
    SLICE_X12Y28.Y       Tilo                  0.660   MRT/rgb_next<0>
                                                       MRT/rgb_next_and0002219
    SLICE_X13Y28.G1      net (fanout=2)        0.188   MRT/rgb_next_and0002
    SLICE_X13Y28.CLK     Tgck                  0.728   MRT/rgb_next<2>
                                                       MRT/rgb_next_mux0000<3>401
                                                       MRT/rgb_next_2
    -------------------------------------------------  ---------------------------
    Total                                     28.259ns (21.140ns logic, 7.119ns route)
                                                       (74.8% logic, 25.2% route)

--------------------------------------------------------------------------------
Slack (setup path):     -8.278ns (requirement - (data path - clock path skew + uncertainty))
  Source:               tile_height_2_1 (FF)
  Destination:          MRT/rgb_next_2 (FF)
  Requirement:          20.000ns
  Data Path Delay:      28.236ns (Levels of Logic = 20)(Component delays alone exceeds constraint)
  Clock Path Skew:      -0.042ns (0.018 - 0.060)
  Source Clock:         clk_BUFGP rising at 0.000ns
  Destination Clock:    clk_BUFGP rising at 20.000ns
  Clock Uncertainty:    0.000ns

  Maximum Data Path: tile_height_2_1 to MRT/rgb_next_2
    Location             Delay type         Delay(ns)  Physical Resource
                                                       Logical Resource(s)
    -------------------------------------------------  -------------------
    SLICE_X0Y37.YQ       Tcko                  0.567   tile_height_2_1
                                                       tile_height_2_1
    SLICE_X2Y39.G4       net (fanout=7)        0.576   tile_height_2_1
    SLICE_X2Y39.Y        Tilo                  0.660   MRT/Sh160
                                                       MRT/_shift0000<0>31
    SLICE_X2Y38.G3       net (fanout=5)        0.055   MRT/N63
    SLICE_X2Y38.Y        Tilo                  0.660   MRT/Sh163
                                                       MRT/Sh1611
    MULT18X18_X0Y4.A1    net (fanout=3)        0.314   MRT/Sh161
    MULT18X18_X0Y4.P1    Tmult                 3.251   MRT/Mmult_maze_pixel_h_mult0001
                                                       MRT/Mmult_maze_pixel_h_mult0001
    SLICE_X13Y32.G4      net (fanout=3)        1.026   MRT/maze_pixel_h<1>
    SLICE_X13Y32.COUT    Topcyg                0.871   MRT/maze_border_y<0>
                                                       MRT/maze_border_y_not0000<1>1_INV_0
                                                       MRT/Madd_maze_border_y_sub0000_Madd_cy<1>
    SLICE_X13Y33.CIN     net (fanout=1)        0.000   MRT/Madd_maze_border_y_sub0000_Madd_cy<1>
    SLICE_X13Y33.Y       Tciny                 0.756   MRT/maze_border_y<1>
                                                       MRT/Madd_maze_border_y_sub0000_Madd_cy<2>
                                                       MRT/Madd_maze_border_y_sub0000_Madd_xor<3>
    SLICE_X12Y34.F3      net (fanout=4)        0.292   MRT/maze_border_y<2>
    SLICE_X12Y34.COUT    Topcyf                1.011   MRT/centered_tile_y_addsub0000<2>
                                                       MRT/Msub_centered_tile_y_addsub0000_lut<2>
                                                       MRT/Msub_centered_tile_y_addsub0000_cy<2>
                                                       MRT/Msub_centered_tile_y_addsub0000_cy<3>
    SLICE_X12Y35.CIN     net (fanout=1)        0.000   MRT/Msub_centered_tile_y_addsub0000_cy<3>
    SLICE_X12Y35.Y       Tciny                 0.768   MRT/centered_tile_y_addsub0000<4>
                                                       MRT/Msub_centered_tile_y_addsub0000_cy<4>
                                                       MRT/Msub_centered_tile_y_addsub0000_xor<5>
    SLICE_X14Y34.G3      net (fanout=3)        0.277   MRT/centered_tile_y_addsub0000<5>
    SLICE_X14Y34.Y       Tilo                  0.660   N69
                                                       MRT/centered_tile_y_shift0000<0>191
    SLICE_X12Y41.G4      net (fanout=1)        0.766   MRT/centered_tile_y_shift0000<0>191
    SLICE_X12Y41.X       Tif5x                 1.000   MRT/N12
                                                       MRT/centered_tile_y_shift0000<0>136_F
                                                       MRT/centered_tile_y_shift0000<0>136
    SLICE_X12Y42.G3      net (fanout=2)        0.241   MRT/N12
    SLICE_X12Y42.Y       Tilo                  0.660   MRT/_COND_21<6>
                                                       MRT/centered_tile_y_shift0000<1>
    MULT18X18_X0Y5.B1    net (fanout=5)        0.575   MRT/Madd__COND_21_Madd_lut<5>
    MULT18X18_X0Y5.P8    Tmult                 3.953   MRT/Mmult__mult0001
                                                       MRT/Mmult__mult0001
    SLICE_X2Y44.F1       net (fanout=1)        0.833   MRT/_mult0001<8>
    SLICE_X2Y44.COUT     Topcyf                1.011   MRT/_sub0003<8>
                                                       MRT/Msub__sub0003_lut<8>
                                                       MRT/Msub__sub0003_cy<8>
                                                       MRT/Msub__sub0003_cy<9>
    SLICE_X2Y45.CIN      net (fanout=1)        0.000   MRT/Msub__sub0003_cy<9>
    SLICE_X2Y45.Y        Tciny                 0.768   MRT/_sub0003<10>
                                                       MRT/Msub__sub0003_cy<10>
                                                       MRT/Msub__sub0003_xor<11>
    SLICE_X1Y45.G4       net (fanout=2)        0.284   MRT/_sub0003<11>
    SLICE_X1Y45.Y        Tilo                  0.612   N86
                                                       MRT/_shift0000<0>139
    SLICE_X1Y45.F4       net (fanout=1)        0.020   MRT/_shift0000<0>139/O
    SLICE_X1Y45.X        Tilo                  0.612   N86
                                                       MRT/_shift0000<0>198_SW0
    SLICE_X0Y43.F1       net (fanout=2)        0.388   N86
    SLICE_X0Y43.X        Tilo                  0.660   MRT/N5
                                                       MRT/_shift0000<0>1124
    SLICE_X13Y27.F4      net (fanout=1)        0.981   MRT/N5
    SLICE_X13Y27.X       Tilo                  0.612   MRT/Madd__COND_19_Madd_lut<3>
                                                       MRT/Madd__COND_19_Madd_lut<3>123
    SLICE_X13Y29.F3      net (fanout=2)        0.253   MRT/Madd__COND_19_Madd_lut<3>
    SLICE_X13Y29.X       Tilo                  0.612   N59
                                                       MRT/rgb_next_and0002219_SW1
    SLICE_X12Y28.G4      net (fanout=1)        0.075   N59
    SLICE_X12Y28.Y       Tilo                  0.660   MRT/rgb_next<0>
                                                       MRT/rgb_next_and0002219
    SLICE_X13Y28.G1      net (fanout=2)        0.188   MRT/rgb_next_and0002
    SLICE_X13Y28.CLK     Tgck                  0.728   MRT/rgb_next<2>
                                                       MRT/rgb_next_mux0000<3>401
                                                       MRT/rgb_next_2
    -------------------------------------------------  ---------------------------
    Total                                     28.236ns (21.092ns logic, 7.144ns route)
                                                       (74.7% logic, 25.3% route)

--------------------------------------------------------------------------------

Paths for end point MRT/rgb_next_0 (SLICE_X12Y28.F4), 54864269 paths
--------------------------------------------------------------------------------
Slack (setup path):     -8.198ns (requirement - (data path - clock path skew + uncertainty))
  Source:               tile_height_2_1 (FF)
  Destination:          MRT/rgb_next_0 (FF)
  Requirement:          20.000ns
  Data Path Delay:      28.156ns (Levels of Logic = 20)(Component delays alone exceeds constraint)
  Clock Path Skew:      -0.042ns (0.018 - 0.060)
  Source Clock:         clk_BUFGP rising at 0.000ns
  Destination Clock:    clk_BUFGP rising at 20.000ns
  Clock Uncertainty:    0.000ns

  Maximum Data Path: tile_height_2_1 to MRT/rgb_next_0
    Location             Delay type         Delay(ns)  Physical Resource
                                                       Logical Resource(s)
    -------------------------------------------------  -------------------
    SLICE_X0Y37.YQ       Tcko                  0.567   tile_height_2_1
                                                       tile_height_2_1
    SLICE_X2Y39.G4       net (fanout=7)        0.576   tile_height_2_1
    SLICE_X2Y39.Y        Tilo                  0.660   MRT/Sh160
                                                       MRT/_shift0000<0>31
    SLICE_X2Y38.G3       net (fanout=5)        0.055   MRT/N63
    SLICE_X2Y38.Y        Tilo                  0.660   MRT/Sh163
                                                       MRT/Sh1611
    MULT18X18_X0Y4.A1    net (fanout=3)        0.314   MRT/Sh161
    MULT18X18_X0Y4.P1    Tmult                 3.251   MRT/Mmult_maze_pixel_h_mult0001
                                                       MRT/Mmult_maze_pixel_h_mult0001
    SLICE_X13Y32.G4      net (fanout=3)        1.026   MRT/maze_pixel_h<1>
    SLICE_X13Y32.COUT    Topcyg                0.871   MRT/maze_border_y<0>
                                                       MRT/maze_border_y_not0000<1>1_INV_0
                                                       MRT/Madd_maze_border_y_sub0000_Madd_cy<1>
    SLICE_X13Y33.CIN     net (fanout=1)        0.000   MRT/Madd_maze_border_y_sub0000_Madd_cy<1>
    SLICE_X13Y33.Y       Tciny                 0.756   MRT/maze_border_y<1>
                                                       MRT/Madd_maze_border_y_sub0000_Madd_cy<2>
                                                       MRT/Madd_maze_border_y_sub0000_Madd_xor<3>
    SLICE_X12Y34.F3      net (fanout=4)        0.292   MRT/maze_border_y<2>
    SLICE_X12Y34.COUT    Topcyf                1.011   MRT/centered_tile_y_addsub0000<2>
                                                       MRT/Msub_centered_tile_y_addsub0000_lut<2>
                                                       MRT/Msub_centered_tile_y_addsub0000_cy<2>
                                                       MRT/Msub_centered_tile_y_addsub0000_cy<3>
    SLICE_X12Y35.CIN     net (fanout=1)        0.000   MRT/Msub_centered_tile_y_addsub0000_cy<3>
    SLICE_X12Y35.Y       Tciny                 0.768   MRT/centered_tile_y_addsub0000<4>
                                                       MRT/Msub_centered_tile_y_addsub0000_cy<4>
                                                       MRT/Msub_centered_tile_y_addsub0000_xor<5>
    SLICE_X14Y34.G3      net (fanout=3)        0.277   MRT/centered_tile_y_addsub0000<5>
    SLICE_X14Y34.Y       Tilo                  0.660   N69
                                                       MRT/centered_tile_y_shift0000<0>191
    SLICE_X12Y41.G4      net (fanout=1)        0.766   MRT/centered_tile_y_shift0000<0>191
    SLICE_X12Y41.X       Tif5x                 1.000   MRT/N12
                                                       MRT/centered_tile_y_shift0000<0>136_F
                                                       MRT/centered_tile_y_shift0000<0>136
    SLICE_X12Y43.F3      net (fanout=2)        0.241   MRT/N12
    SLICE_X12Y43.X       Tilo                  0.660   MRT/centered_tile_y<0>
                                                       MRT/centered_tile_y_shift0000<0>61
    MULT18X18_X0Y5.B0    net (fanout=6)        0.575   MRT/centered_tile_y<0>
    MULT18X18_X0Y5.P8    Tmult                 3.953   MRT/Mmult__mult0001
                                                       MRT/Mmult__mult0001
    SLICE_X2Y44.F1       net (fanout=1)        0.833   MRT/_mult0001<8>
    SLICE_X2Y44.COUT     Topcyf                1.011   MRT/_sub0003<8>
                                                       MRT/Msub__sub0003_lut<8>
                                                       MRT/Msub__sub0003_cy<8>
                                                       MRT/Msub__sub0003_cy<9>
    SLICE_X2Y45.CIN      net (fanout=1)        0.000   MRT/Msub__sub0003_cy<9>
    SLICE_X2Y45.Y        Tciny                 0.768   MRT/_sub0003<10>
                                                       MRT/Msub__sub0003_cy<10>
                                                       MRT/Msub__sub0003_xor<11>
    SLICE_X1Y45.G4       net (fanout=2)        0.284   MRT/_sub0003<11>
    SLICE_X1Y45.Y        Tilo                  0.612   N86
                                                       MRT/_shift0000<0>139
    SLICE_X1Y45.F4       net (fanout=1)        0.020   MRT/_shift0000<0>139/O
    SLICE_X1Y45.X        Tilo                  0.612   N86
                                                       MRT/_shift0000<0>198_SW0
    SLICE_X0Y43.F1       net (fanout=2)        0.388   N86
    SLICE_X0Y43.X        Tilo                  0.660   MRT/N5
                                                       MRT/_shift0000<0>1124
    SLICE_X13Y27.F4      net (fanout=1)        0.981   MRT/N5
    SLICE_X13Y27.X       Tilo                  0.612   MRT/Madd__COND_19_Madd_lut<3>
                                                       MRT/Madd__COND_19_Madd_lut<3>123
    SLICE_X12Y26.F4      net (fanout=2)        0.033   MRT/Madd__COND_19_Madd_lut<3>
    SLICE_X12Y26.X       Tilo                  0.660   N58
                                                       MRT/rgb_next_and0002219_SW0
    SLICE_X12Y28.G3      net (fanout=1)        0.270   N58
    SLICE_X12Y28.Y       Tilo                  0.660   MRT/rgb_next<0>
                                                       MRT/rgb_next_and0002219
    SLICE_X12Y28.F4      net (fanout=2)        0.037   MRT/rgb_next_and0002
    SLICE_X12Y28.CLK     Tfck                  0.776   MRT/rgb_next<0>
                                                       MRT/rgb_next_mux0000<0>2
                                                       MRT/rgb_next_0
    -------------------------------------------------  ---------------------------
    Total                                     28.156ns (21.188ns logic, 6.968ns route)
                                                       (75.3% logic, 24.7% route)

--------------------------------------------------------------------------------
Slack (setup path):     -8.198ns (requirement - (data path - clock path skew + uncertainty))
  Source:               tile_height_2_1 (FF)
  Destination:          MRT/rgb_next_0 (FF)
  Requirement:          20.000ns
  Data Path Delay:      28.156ns (Levels of Logic = 20)(Component delays alone exceeds constraint)
  Clock Path Skew:      -0.042ns (0.018 - 0.060)
  Source Clock:         clk_BUFGP rising at 0.000ns
  Destination Clock:    clk_BUFGP rising at 20.000ns
  Clock Uncertainty:    0.000ns

  Maximum Data Path: tile_height_2_1 to MRT/rgb_next_0
    Location             Delay type         Delay(ns)  Physical Resource
                                                       Logical Resource(s)
    -------------------------------------------------  -------------------
    SLICE_X0Y37.YQ       Tcko                  0.567   tile_height_2_1
                                                       tile_height_2_1
    SLICE_X2Y39.G4       net (fanout=7)        0.576   tile_height_2_1
    SLICE_X2Y39.Y        Tilo                  0.660   MRT/Sh160
                                                       MRT/_shift0000<0>31
    SLICE_X2Y38.G3       net (fanout=5)        0.055   MRT/N63
    SLICE_X2Y38.Y        Tilo                  0.660   MRT/Sh163
                                                       MRT/Sh1611
    MULT18X18_X0Y4.A1    net (fanout=3)        0.314   MRT/Sh161
    MULT18X18_X0Y4.P1    Tmult                 3.251   MRT/Mmult_maze_pixel_h_mult0001
                                                       MRT/Mmult_maze_pixel_h_mult0001
    SLICE_X13Y32.G4      net (fanout=3)        1.026   MRT/maze_pixel_h<1>
    SLICE_X13Y32.COUT    Topcyg                0.871   MRT/maze_border_y<0>
                                                       MRT/maze_border_y_not0000<1>1_INV_0
                                                       MRT/Madd_maze_border_y_sub0000_Madd_cy<1>
    SLICE_X13Y33.CIN     net (fanout=1)        0.000   MRT/Madd_maze_border_y_sub0000_Madd_cy<1>
    SLICE_X13Y33.Y       Tciny                 0.756   MRT/maze_border_y<1>
                                                       MRT/Madd_maze_border_y_sub0000_Madd_cy<2>
                                                       MRT/Madd_maze_border_y_sub0000_Madd_xor<3>
    SLICE_X12Y34.F3      net (fanout=4)        0.292   MRT/maze_border_y<2>
    SLICE_X12Y34.COUT    Topcyf                1.011   MRT/centered_tile_y_addsub0000<2>
                                                       MRT/Msub_centered_tile_y_addsub0000_lut<2>
                                                       MRT/Msub_centered_tile_y_addsub0000_cy<2>
                                                       MRT/Msub_centered_tile_y_addsub0000_cy<3>
    SLICE_X12Y35.CIN     net (fanout=1)        0.000   MRT/Msub_centered_tile_y_addsub0000_cy<3>
    SLICE_X12Y35.Y       Tciny                 0.768   MRT/centered_tile_y_addsub0000<4>
                                                       MRT/Msub_centered_tile_y_addsub0000_cy<4>
                                                       MRT/Msub_centered_tile_y_addsub0000_xor<5>
    SLICE_X14Y34.G3      net (fanout=3)        0.277   MRT/centered_tile_y_addsub0000<5>
    SLICE_X14Y34.Y       Tilo                  0.660   N69
                                                       MRT/centered_tile_y_shift0000<0>191
    SLICE_X12Y41.G4      net (fanout=1)        0.766   MRT/centered_tile_y_shift0000<0>191
    SLICE_X12Y41.X       Tif5x                 1.000   MRT/N12
                                                       MRT/centered_tile_y_shift0000<0>136_F
                                                       MRT/centered_tile_y_shift0000<0>136
    SLICE_X12Y42.G3      net (fanout=2)        0.241   MRT/N12
    SLICE_X12Y42.Y       Tilo                  0.660   MRT/_COND_21<6>
                                                       MRT/centered_tile_y_shift0000<1>
    MULT18X18_X0Y5.B1    net (fanout=5)        0.575   MRT/Madd__COND_21_Madd_lut<5>
    MULT18X18_X0Y5.P8    Tmult                 3.953   MRT/Mmult__mult0001
                                                       MRT/Mmult__mult0001
    SLICE_X2Y44.F1       net (fanout=1)        0.833   MRT/_mult0001<8>
    SLICE_X2Y44.COUT     Topcyf                1.011   MRT/_sub0003<8>
                                                       MRT/Msub__sub0003_lut<8>
                                                       MRT/Msub__sub0003_cy<8>
                                                       MRT/Msub__sub0003_cy<9>
    SLICE_X2Y45.CIN      net (fanout=1)        0.000   MRT/Msub__sub0003_cy<9>
    SLICE_X2Y45.Y        Tciny                 0.768   MRT/_sub0003<10>
                                                       MRT/Msub__sub0003_cy<10>
                                                       MRT/Msub__sub0003_xor<11>
    SLICE_X1Y45.G4       net (fanout=2)        0.284   MRT/_sub0003<11>
    SLICE_X1Y45.Y        Tilo                  0.612   N86
                                                       MRT/_shift0000<0>139
    SLICE_X1Y45.F4       net (fanout=1)        0.020   MRT/_shift0000<0>139/O
    SLICE_X1Y45.X        Tilo                  0.612   N86
                                                       MRT/_shift0000<0>198_SW0
    SLICE_X0Y43.F1       net (fanout=2)        0.388   N86
    SLICE_X0Y43.X        Tilo                  0.660   MRT/N5
                                                       MRT/_shift0000<0>1124
    SLICE_X13Y27.F4      net (fanout=1)        0.981   MRT/N5
    SLICE_X13Y27.X       Tilo                  0.612   MRT/Madd__COND_19_Madd_lut<3>
                                                       MRT/Madd__COND_19_Madd_lut<3>123
    SLICE_X12Y26.F4      net (fanout=2)        0.033   MRT/Madd__COND_19_Madd_lut<3>
    SLICE_X12Y26.X       Tilo                  0.660   N58
                                                       MRT/rgb_next_and0002219_SW0
    SLICE_X12Y28.G3      net (fanout=1)        0.270   N58
    SLICE_X12Y28.Y       Tilo                  0.660   MRT/rgb_next<0>
                                                       MRT/rgb_next_and0002219
    SLICE_X12Y28.F4      net (fanout=2)        0.037   MRT/rgb_next_and0002
    SLICE_X12Y28.CLK     Tfck                  0.776   MRT/rgb_next<0>
                                                       MRT/rgb_next_mux0000<0>2
                                                       MRT/rgb_next_0
    -------------------------------------------------  ---------------------------
    Total                                     28.156ns (21.188ns logic, 6.968ns route)
                                                       (75.3% logic, 24.7% route)

--------------------------------------------------------------------------------
Slack (setup path):     -8.175ns (requirement - (data path - clock path skew + uncertainty))
  Source:               tile_height_2_1 (FF)
  Destination:          MRT/rgb_next_0 (FF)
  Requirement:          20.000ns
  Data Path Delay:      28.133ns (Levels of Logic = 20)(Component delays alone exceeds constraint)
  Clock Path Skew:      -0.042ns (0.018 - 0.060)
  Source Clock:         clk_BUFGP rising at 0.000ns
  Destination Clock:    clk_BUFGP rising at 20.000ns
  Clock Uncertainty:    0.000ns

  Maximum Data Path: tile_height_2_1 to MRT/rgb_next_0
    Location             Delay type         Delay(ns)  Physical Resource
                                                       Logical Resource(s)
    -------------------------------------------------  -------------------
    SLICE_X0Y37.YQ       Tcko                  0.567   tile_height_2_1
                                                       tile_height_2_1
    SLICE_X2Y39.G4       net (fanout=7)        0.576   tile_height_2_1
    SLICE_X2Y39.Y        Tilo                  0.660   MRT/Sh160
                                                       MRT/_shift0000<0>31
    SLICE_X2Y38.G3       net (fanout=5)        0.055   MRT/N63
    SLICE_X2Y38.Y        Tilo                  0.660   MRT/Sh163
                                                       MRT/Sh1611
    MULT18X18_X0Y4.A1    net (fanout=3)        0.314   MRT/Sh161
    MULT18X18_X0Y4.P1    Tmult                 3.251   MRT/Mmult_maze_pixel_h_mult0001
                                                       MRT/Mmult_maze_pixel_h_mult0001
    SLICE_X13Y32.G4      net (fanout=3)        1.026   MRT/maze_pixel_h<1>
    SLICE_X13Y32.COUT    Topcyg                0.871   MRT/maze_border_y<0>
                                                       MRT/maze_border_y_not0000<1>1_INV_0
                                                       MRT/Madd_maze_border_y_sub0000_Madd_cy<1>
    SLICE_X13Y33.CIN     net (fanout=1)        0.000   MRT/Madd_maze_border_y_sub0000_Madd_cy<1>
    SLICE_X13Y33.Y       Tciny                 0.756   MRT/maze_border_y<1>
                                                       MRT/Madd_maze_border_y_sub0000_Madd_cy<2>
                                                       MRT/Madd_maze_border_y_sub0000_Madd_xor<3>
    SLICE_X12Y34.F3      net (fanout=4)        0.292   MRT/maze_border_y<2>
    SLICE_X12Y34.COUT    Topcyf                1.011   MRT/centered_tile_y_addsub0000<2>
                                                       MRT/Msub_centered_tile_y_addsub0000_lut<2>
                                                       MRT/Msub_centered_tile_y_addsub0000_cy<2>
                                                       MRT/Msub_centered_tile_y_addsub0000_cy<3>
    SLICE_X12Y35.CIN     net (fanout=1)        0.000   MRT/Msub_centered_tile_y_addsub0000_cy<3>
    SLICE_X12Y35.Y       Tciny                 0.768   MRT/centered_tile_y_addsub0000<4>
                                                       MRT/Msub_centered_tile_y_addsub0000_cy<4>
                                                       MRT/Msub_centered_tile_y_addsub0000_xor<5>
    SLICE_X14Y34.G3      net (fanout=3)        0.277   MRT/centered_tile_y_addsub0000<5>
    SLICE_X14Y34.Y       Tilo                  0.660   N69
                                                       MRT/centered_tile_y_shift0000<0>191
    SLICE_X12Y41.G4      net (fanout=1)        0.766   MRT/centered_tile_y_shift0000<0>191
    SLICE_X12Y41.X       Tif5x                 1.000   MRT/N12
                                                       MRT/centered_tile_y_shift0000<0>136_F
                                                       MRT/centered_tile_y_shift0000<0>136
    SLICE_X12Y42.G3      net (fanout=2)        0.241   MRT/N12
    SLICE_X12Y42.Y       Tilo                  0.660   MRT/_COND_21<6>
                                                       MRT/centered_tile_y_shift0000<1>
    MULT18X18_X0Y5.B1    net (fanout=5)        0.575   MRT/Madd__COND_21_Madd_lut<5>
    MULT18X18_X0Y5.P8    Tmult                 3.953   MRT/Mmult__mult0001
                                                       MRT/Mmult__mult0001
    SLICE_X2Y44.F1       net (fanout=1)        0.833   MRT/_mult0001<8>
    SLICE_X2Y44.COUT     Topcyf                1.011   MRT/_sub0003<8>
                                                       MRT/Msub__sub0003_lut<8>
                                                       MRT/Msub__sub0003_cy<8>
                                                       MRT/Msub__sub0003_cy<9>
    SLICE_X2Y45.CIN      net (fanout=1)        0.000   MRT/Msub__sub0003_cy<9>
    SLICE_X2Y45.Y        Tciny                 0.768   MRT/_sub0003<10>
                                                       MRT/Msub__sub0003_cy<10>
                                                       MRT/Msub__sub0003_xor<11>
    SLICE_X1Y45.G4       net (fanout=2)        0.284   MRT/_sub0003<11>
    SLICE_X1Y45.Y        Tilo                  0.612   N86
                                                       MRT/_shift0000<0>139
    SLICE_X1Y45.F4       net (fanout=1)        0.020   MRT/_shift0000<0>139/O
    SLICE_X1Y45.X        Tilo                  0.612   N86
                                                       MRT/_shift0000<0>198_SW0
    SLICE_X0Y43.F1       net (fanout=2)        0.388   N86
    SLICE_X0Y43.X        Tilo                  0.660   MRT/N5
                                                       MRT/_shift0000<0>1124
    SLICE_X13Y27.F4      net (fanout=1)        0.981   MRT/N5
    SLICE_X13Y27.X       Tilo                  0.612   MRT/Madd__COND_19_Madd_lut<3>
                                                       MRT/Madd__COND_19_Madd_lut<3>123
    SLICE_X13Y29.F3      net (fanout=2)        0.253   MRT/Madd__COND_19_Madd_lut<3>
    SLICE_X13Y29.X       Tilo                  0.612   N59
                                                       MRT/rgb_next_and0002219_SW1
    SLICE_X12Y28.G4      net (fanout=1)        0.075   N59
    SLICE_X12Y28.Y       Tilo                  0.660   MRT/rgb_next<0>
                                                       MRT/rgb_next_and0002219
    SLICE_X12Y28.F4      net (fanout=2)        0.037   MRT/rgb_next_and0002
    SLICE_X12Y28.CLK     Tfck                  0.776   MRT/rgb_next<0>
                                                       MRT/rgb_next_mux0000<0>2
                                                       MRT/rgb_next_0
    -------------------------------------------------  ---------------------------
    Total                                     28.133ns (21.140ns logic, 6.993ns route)
                                                       (75.1% logic, 24.9% route)

--------------------------------------------------------------------------------

Hold Paths: TS_clk = PERIOD TIMEGRP "clk" 20 ns HIGH 50%;
--------------------------------------------------------------------------------

Paths for end point KB/fifo_key_unit/array_reg_5 (SLICE_X66Y29.BX), 1 path
--------------------------------------------------------------------------------
Slack (hold path):      0.869ns (requirement - (clock path skew + uncertainty - data path))
  Source:               KB/ps2_rx_unit/b_reg_6 (FF)
  Destination:          KB/fifo_key_unit/array_reg_5 (FF)
  Requirement:          0.000ns
  Data Path Delay:      0.869ns (Levels of Logic = 0)
  Clock Path Skew:      0.000ns
  Source Clock:         clk_BUFGP rising at 20.000ns
  Destination Clock:    clk_BUFGP rising at 20.000ns
  Clock Uncertainty:    0.000ns

  Minimum Data Path: KB/ps2_rx_unit/b_reg_6 to KB/fifo_key_unit/array_reg_5
    Location             Delay type         Delay(ns)  Physical Resource
                                                       Logical Resource(s)
    -------------------------------------------------  -------------------
    SLICE_X67Y28.XQ      Tcko                  0.411   KB/ps2_rx_unit/b_reg<6>
                                                       KB/ps2_rx_unit/b_reg_6
    SLICE_X66Y29.BX      net (fanout=4)        0.342   KB/ps2_rx_unit/b_reg<6>
    SLICE_X66Y29.CLK     Tckdi       (-Th)    -0.116   KB/fifo_key_unit/array_reg<5>
                                                       KB/fifo_key_unit/array_reg_5
    -------------------------------------------------  ---------------------------
    Total                                      0.869ns (0.527ns logic, 0.342ns route)
                                                       (60.6% logic, 39.4% route)

--------------------------------------------------------------------------------

Paths for end point KB/ps2_rx_unit/filter_reg_4 (SLICE_X67Y4.BY), 1 path
--------------------------------------------------------------------------------
Slack (hold path):      0.894ns (requirement - (clock path skew + uncertainty - data path))
  Source:               KB/ps2_rx_unit/filter_reg_5 (FF)
  Destination:          KB/ps2_rx_unit/filter_reg_4 (FF)
  Requirement:          0.000ns
  Data Path Delay:      0.894ns (Levels of Logic = 0)
  Clock Path Skew:      0.000ns
  Source Clock:         clk_BUFGP rising at 20.000ns
  Destination Clock:    clk_BUFGP rising at 20.000ns
  Clock Uncertainty:    0.000ns

  Minimum Data Path: KB/ps2_rx_unit/filter_reg_5 to KB/ps2_rx_unit/filter_reg_4
    Location             Delay type         Delay(ns)  Physical Resource
                                                       Logical Resource(s)
    -------------------------------------------------  -------------------
    SLICE_X67Y4.XQ       Tcko                  0.411   KB/ps2_rx_unit/filter_reg<5>
                                                       KB/ps2_rx_unit/filter_reg_5
    SLICE_X67Y4.BY       net (fanout=4)        0.366   KB/ps2_rx_unit/filter_reg<5>
    SLICE_X67Y4.CLK      Tckdi       (-Th)    -0.117   KB/ps2_rx_unit/filter_reg<5>
                                                       KB/ps2_rx_unit/filter_reg_4
    -------------------------------------------------  ---------------------------
    Total                                      0.894ns (0.528ns logic, 0.366ns route)
                                                       (59.1% logic, 40.9% route)

--------------------------------------------------------------------------------

Paths for end point KB/fifo_key_unit/array_reg_4 (SLICE_X66Y29.BY), 1 path
--------------------------------------------------------------------------------
Slack (hold path):      0.909ns (requirement - (clock path skew + uncertainty - data path))
  Source:               KB/ps2_rx_unit/b_reg_5 (FF)
  Destination:          KB/fifo_key_unit/array_reg_4 (FF)
  Requirement:          0.000ns
  Data Path Delay:      0.909ns (Levels of Logic = 0)
  Clock Path Skew:      0.000ns
  Source Clock:         clk_BUFGP rising at 20.000ns
  Destination Clock:    clk_BUFGP rising at 20.000ns
  Clock Uncertainty:    0.000ns

  Minimum Data Path: KB/ps2_rx_unit/b_reg_5 to KB/fifo_key_unit/array_reg_4
    Location             Delay type         Delay(ns)  Physical Resource
                                                       Logical Resource(s)
    -------------------------------------------------  -------------------
    SLICE_X67Y28.YQ      Tcko                  0.409   KB/ps2_rx_unit/b_reg<6>
                                                       KB/ps2_rx_unit/b_reg_5
    SLICE_X66Y29.BY      net (fanout=4)        0.368   KB/ps2_rx_unit/b_reg<5>
    SLICE_X66Y29.CLK     Tckdi       (-Th)    -0.132   KB/fifo_key_unit/array_reg<5>
                                                       KB/fifo_key_unit/array_reg_4
    -------------------------------------------------  ---------------------------
    Total                                      0.909ns (0.541ns logic, 0.368ns route)
                                                       (59.5% logic, 40.5% route)

--------------------------------------------------------------------------------

Component Switching Limit Checks: TS_clk = PERIOD TIMEGRP "clk" 20 ns HIGH 50%;
--------------------------------------------------------------------------------
Slack: 18.562ns (period - (min low pulse limit / (low pulse / period)))
  Period: 20.000ns
  Low pulse: 10.000ns
  Low pulse limit: 0.719ns (Tcl)
  Physical resource: MRT/rgb_next<0>/CLK
  Logical resource: MRT/rgb_next_0/CK
  Location pin: SLICE_X12Y28.CLK
  Clock network: clk_BUFGP
--------------------------------------------------------------------------------
Slack: 18.562ns (period - (min high pulse limit / (high pulse / period)))
  Period: 20.000ns
  High pulse: 10.000ns
  High pulse limit: 0.719ns (Tch)
  Physical resource: MRT/rgb_next<0>/CLK
  Logical resource: MRT/rgb_next_0/CK
  Location pin: SLICE_X12Y28.CLK
  Clock network: clk_BUFGP
--------------------------------------------------------------------------------
Slack: 18.562ns (period - (min low pulse limit / (low pulse / period)))
  Period: 20.000ns
  Low pulse: 10.000ns
  Low pulse limit: 0.719ns (Tcl)
  Physical resource: MRT/VGAS/h_sync_reg/CLK
  Logical resource: MRT/VGAS/h_sync_reg/CK
  Location pin: SLICE_X14Y8.CLK
  Clock network: clk_BUFGP
--------------------------------------------------------------------------------


1 constraint not met.


Data Sheet report:
-----------------
All values displayed in nanoseconds (ns)

Clock to Setup on destination clock clk
---------------+---------+---------+---------+---------+
               | Src:Rise| Src:Fall| Src:Rise| Src:Fall|
Source Clock   |Dest:Rise|Dest:Rise|Dest:Fall|Dest:Fall|
---------------+---------+---------+---------+---------+
clk            |   29.417|         |    1.997|         |
---------------+---------+---------+---------+---------+


Timing summary:
---------------

Timing errors: 7  Score: 48445  (Setup/Max: 48445, Hold: 0)

Constraints cover 169957520 paths, 0 nets, and 2926 connections

Design statistics:
   Minimum period:  29.417ns{1}   (Maximum frequency:  33.994MHz)


------------------------------------Footnotes-----------------------------------
1)  The minimum period statistic assumes all single cycle delays.

Analysis completed Sat Apr 27 21:56:52 2013 
--------------------------------------------------------------------------------

Trace Settings:
-------------------------
Trace Settings 

Peak Memory Usage: 204 MB



