--------------------------------------------------------------------------------
Release 14.4 Trace  (nt64)
Copyright (c) 1995-2012 Xilinx, Inc.  All rights reserved.

C:\Xilinx\14.4\ISE_DS\ISE\bin\nt64\unwrapped\trce.exe -intstyle ise -v 3 -s 5
-n 3 -fastpaths -xml Lab8_fpga_top.twx Lab8_fpga_top.ncd -o Lab8_fpga_top.twr
Lab8_fpga_top.pcf

Design file:              Lab8_fpga_top.ncd
Physical constraint file: Lab8_fpga_top.pcf
Device,package,speed:     xc3s500e,fg320,-5 (PRODUCTION 1.27 2012-12-04)
Report level:             verbose report

Environment Variable      Effect 
--------------------      ------ 
NONE                      No environment variables were set
--------------------------------------------------------------------------------

INFO:Timing:3412 - To improve timing, see the Timing Closure User Guide (UG612).
INFO:Timing:2752 - To get complete path coverage, use the unconstrained paths 
   option. All paths that are not constrained will be reported in the 
   unconstrained paths section(s) of the report.
INFO:Timing:3339 - The clock-to-out numbers in this timing report are based on 
   a 50 Ohm transmission line loading model.  For the details of this model, 
   and for more information on accounting for different loading conditions, 
   please see the device datasheet.
INFO:Timing:3390 - This architecture does not support a default System Jitter 
   value, please add SYSTEM_JITTER constraint to the UCF to modify the Clock 
   Uncertainty calculation.
INFO:Timing:3389 - This architecture does not support 'Discrete Jitter' and 
   'Phase Error' calculations, these terms will be zero in the Clock 
   Uncertainty calculation.  Please make appropriate modification to 
   SYSTEM_JITTER to account for the unsupported Discrete Jitter and Phase 
   Error.

================================================================================
Timing constraint: TS_clk = PERIOD TIMEGRP "clk" 20 ns HIGH 50%;
For more information, see Period Analysis in the Timing Closure User Guide (UG612).

 540806486 paths analyzed, 308 endpoints analyzed, 7 failing endpoints
 7 timing errors detected. (7 setup errors, 0 hold errors, 0 component switching limit errors)
 Minimum period is  30.893ns.
--------------------------------------------------------------------------------

Paths for end point MRT/rgb_next_5 (SLICE_X13Y59.BY), 180062239 paths
--------------------------------------------------------------------------------
Slack (setup path):     -10.893ns (requirement - (data path - clock path skew + uncertainty))
  Source:               tile_height_3_1 (FF)
  Destination:          MRT/rgb_next_5 (FF)
  Requirement:          20.000ns
  Data Path Delay:      30.848ns (Levels of Logic = 24)(Component delays alone exceeds constraint)
  Clock Path Skew:      -0.045ns (0.081 - 0.126)
  Source Clock:         clk_BUFGP rising at 0.000ns
  Destination Clock:    clk_BUFGP rising at 20.000ns
  Clock Uncertainty:    0.000ns

  Maximum Data Path: tile_height_3_1 to MRT/rgb_next_5
    Location             Delay type         Delay(ns)  Physical Resource
                                                       Logical Resource(s)
    -------------------------------------------------  -------------------
    SLICE_X3Y11.YQ       Tcko                  0.511   tile_height_3_1
                                                       tile_height_3_1
    SLICE_X2Y13.G1       net (fanout=7)        0.691   tile_height_3_1
    SLICE_X2Y13.Y        Tilo                  0.660   MRT/tile_pixel_h<3>
                                                       MRT/centered_tile_y<4>17_1
    SLICE_X2Y15.G3       net (fanout=5)        0.273   MRT/centered_tile_y<4>17
    SLICE_X2Y15.Y        Tilo                  0.660   MRT/tile_pixel_h<7>
                                                       MRT/tile_pixel_h_shift0000<1>1
    MULT18X18_X0Y1.A1    net (fanout=3)        0.314   MRT/tile_pixel_h<1>
    MULT18X18_X0Y1.P1    Tmult                 3.251   MRT/Mmult_maze_pixel_h_mult0001
                                                       MRT/Mmult_maze_pixel_h_mult0001
    SLICE_X13Y16.G4      net (fanout=3)        1.198   MRT/maze_pixel_h<1>
    SLICE_X13Y16.COUT    Topcyg                0.871   MRT/maze_border_y<0>
                                                       MRT/maze_border_y_not0000<1>1_INV_0
                                                       MRT/Madd_maze_border_y_sub0000_Madd_cy<1>
    SLICE_X13Y17.CIN     net (fanout=1)        0.000   MRT/Madd_maze_border_y_sub0000_Madd_cy<1>
    SLICE_X13Y17.Y       Tciny                 0.756   MRT/maze_border_y<1>
                                                       MRT/Madd_maze_border_y_sub0000_Madd_cy<2>
                                                       MRT/Madd_maze_border_y_sub0000_Madd_xor<3>
    SLICE_X12Y17.F1      net (fanout=4)        0.128   MRT/maze_border_y<2>
    SLICE_X12Y17.Y       Topy                  1.506   MRT/centered_tile_y_addsub0000<2>
                                                       MRT/Msub_centered_tile_y_addsub0000_lut<2>
                                                       MRT/Msub_centered_tile_y_addsub0000_cy<2>
                                                       MRT/Msub_centered_tile_y_addsub0000_xor<3>
    SLICE_X12Y15.F3      net (fanout=3)        0.266   MRT/centered_tile_y_addsub0000<3>
    SLICE_X12Y15.X       Tilo                  0.660   MRT/centered_tile_y<0>19
                                                       MRT/centered_tile_y<0>19
    SLICE_X14Y14.G3      net (fanout=1)        0.300   MRT/centered_tile_y<0>19
    SLICE_X14Y14.X       Tif5x                 1.000   MRT/N16
                                                       MRT/centered_tile_y<0>136_F
                                                       MRT/centered_tile_y<0>136
    SLICE_X12Y26.G3      net (fanout=3)        0.863   MRT/N16
    SLICE_X12Y26.Y       Tilo                  0.660   MRT/N27
                                                       MRT/centered_tile_y<1>47
    MULT18X18_X0Y3.A1    net (fanout=3)        0.574   MRT/centered_tile_y<1>
    MULT18X18_X0Y3.P2    Tmult                 3.251   MRT/Mmult__mult0001
                                                       MRT/Mmult__mult0001
    SLICE_X3Y27.F1       net (fanout=1)        1.001   MRT/_mult0001<2>
    SLICE_X3Y27.COUT     Topcyf                1.011   MRT/_sub0003<2>
                                                       MRT/Msub__sub0003_lut<2>
                                                       MRT/Msub__sub0003_cy<2>
                                                       MRT/Msub__sub0003_cy<3>
    SLICE_X3Y28.CIN      net (fanout=1)        0.000   MRT/Msub__sub0003_cy<3>
    SLICE_X3Y28.COUT     Tbyp                  0.103   MRT/_sub0003<4>
                                                       MRT/Msub__sub0003_cy<4>
                                                       MRT/Msub__sub0003_cy<5>
    SLICE_X3Y29.CIN      net (fanout=1)        0.000   MRT/Msub__sub0003_cy<5>
    SLICE_X3Y29.COUT     Tbyp                  0.103   MRT/_sub0003<6>
                                                       MRT/Msub__sub0003_cy<6>
                                                       MRT/Msub__sub0003_cy<7>
    SLICE_X3Y30.CIN      net (fanout=1)        0.000   MRT/Msub__sub0003_cy<7>
    SLICE_X3Y30.COUT     Tbyp                  0.103   MRT/_sub0003<8>
                                                       MRT/Msub__sub0003_cy<8>
                                                       MRT/Msub__sub0003_cy<9>
    SLICE_X3Y31.CIN      net (fanout=1)        0.000   MRT/Msub__sub0003_cy<9>
    SLICE_X3Y31.X        Tcinx                 0.402   MRT/_sub0003<10>
                                                       MRT/Msub__sub0003_xor<10>
    SLICE_X2Y36.G3       net (fanout=1)        0.454   MRT/_sub0003<10>
    SLICE_X2Y36.Y        Tilo                  0.660   MRT/N102
                                                       MRT/_shift0000<0>22_SW0
    SLICE_X2Y36.F4       net (fanout=1)        0.020   MRT/_shift0000<0>22_SW0/O
    SLICE_X2Y36.X        Tilo                  0.660   MRT/N102
                                                       MRT/_shift0000<0>22
    SLICE_X2Y51.G1       net (fanout=2)        0.677   MRT/N102
    SLICE_X2Y51.Y        Tilo                  0.660   MRT/N239
                                                       MRT/Madd__COND_13_Madd_lut<3>58_SW0
    SLICE_X0Y56.G3       net (fanout=1)        0.512   N125
    SLICE_X0Y56.Y        Tilo                  0.660   MRT/Madd__COND_13_Madd_lut<3>101
                                                       MRT/Madd__COND_13_Madd_lut<3>58
    SLICE_X0Y56.F4       net (fanout=1)        0.020   MRT/Madd__COND_13_Madd_lut<3>58/O
    SLICE_X0Y56.X        Tilo                  0.660   MRT/Madd__COND_13_Madd_lut<3>101
                                                       MRT/Madd__COND_13_Madd_lut<3>101
    SLICE_X12Y60.F1      net (fanout=1)        0.752   MRT/Madd__COND_13_Madd_lut<3>101
    SLICE_X12Y60.X       Tilo                  0.660   MRT/Madd__COND_13_Madd_lut<3>
                                                       MRT/Madd__COND_13_Madd_lut<3>229
    SLICE_X13Y61.F4      net (fanout=2)        0.039   MRT/Madd__COND_13_Madd_lut<3>
    SLICE_X13Y61.X       Tilo                  0.612   N114
                                                       MRT/rgb_next_and0002329_SW0
    SLICE_X12Y61.G4      net (fanout=1)        0.075   N114
    SLICE_X12Y61.Y       Tilo                  0.660   MRT/rgb_next<0>
                                                       MRT/rgb_next_and0002329
    SLICE_X12Y61.F3      net (fanout=2)        0.021   MRT/rgb_next_and0002
    SLICE_X12Y61.X       Tilo                  0.660   MRT/rgb_next<0>
                                                       MRT/rgb_next_mux0000<0>2
    SLICE_X13Y59.BY      net (fanout=1)        0.317   MRT/N240
    SLICE_X13Y59.CLK     Tsrck                 0.953   MRT/rgb_next<5>
                                                       MRT/rgb_next_5
    -------------------------------------------------  ---------------------------
    Total                                     30.848ns (22.353ns logic, 8.495ns route)
                                                       (72.5% logic, 27.5% route)

--------------------------------------------------------------------------------
Slack (setup path):     -10.870ns (requirement - (data path - clock path skew + uncertainty))
  Source:               tile_height_3_1 (FF)
  Destination:          MRT/rgb_next_5 (FF)
  Requirement:          20.000ns
  Data Path Delay:      30.825ns (Levels of Logic = 24)(Component delays alone exceeds constraint)
  Clock Path Skew:      -0.045ns (0.081 - 0.126)
  Source Clock:         clk_BUFGP rising at 0.000ns
  Destination Clock:    clk_BUFGP rising at 20.000ns
  Clock Uncertainty:    0.000ns

  Maximum Data Path: tile_height_3_1 to MRT/rgb_next_5
    Location             Delay type         Delay(ns)  Physical Resource
                                                       Logical Resource(s)
    -------------------------------------------------  -------------------
    SLICE_X3Y11.YQ       Tcko                  0.511   tile_height_3_1
                                                       tile_height_3_1
    SLICE_X2Y13.G1       net (fanout=7)        0.691   tile_height_3_1
    SLICE_X2Y13.Y        Tilo                  0.660   MRT/tile_pixel_h<3>
                                                       MRT/centered_tile_y<4>17_1
    SLICE_X2Y15.G3       net (fanout=5)        0.273   MRT/centered_tile_y<4>17
    SLICE_X2Y15.Y        Tilo                  0.660   MRT/tile_pixel_h<7>
                                                       MRT/tile_pixel_h_shift0000<1>1
    MULT18X18_X0Y1.A1    net (fanout=3)        0.314   MRT/tile_pixel_h<1>
    MULT18X18_X0Y1.P1    Tmult                 3.251   MRT/Mmult_maze_pixel_h_mult0001
                                                       MRT/Mmult_maze_pixel_h_mult0001
    SLICE_X13Y16.G4      net (fanout=3)        1.198   MRT/maze_pixel_h<1>
    SLICE_X13Y16.COUT    Topcyg                0.871   MRT/maze_border_y<0>
                                                       MRT/maze_border_y_not0000<1>1_INV_0
                                                       MRT/Madd_maze_border_y_sub0000_Madd_cy<1>
    SLICE_X13Y17.CIN     net (fanout=1)        0.000   MRT/Madd_maze_border_y_sub0000_Madd_cy<1>
    SLICE_X13Y17.Y       Tciny                 0.756   MRT/maze_border_y<1>
                                                       MRT/Madd_maze_border_y_sub0000_Madd_cy<2>
                                                       MRT/Madd_maze_border_y_sub0000_Madd_xor<3>
    SLICE_X12Y17.F1      net (fanout=4)        0.128   MRT/maze_border_y<2>
    SLICE_X12Y17.Y       Topy                  1.506   MRT/centered_tile_y_addsub0000<2>
                                                       MRT/Msub_centered_tile_y_addsub0000_lut<2>
                                                       MRT/Msub_centered_tile_y_addsub0000_cy<2>
                                                       MRT/Msub_centered_tile_y_addsub0000_xor<3>
    SLICE_X12Y15.F3      net (fanout=3)        0.266   MRT/centered_tile_y_addsub0000<3>
    SLICE_X12Y15.X       Tilo                  0.660   MRT/centered_tile_y<0>19
                                                       MRT/centered_tile_y<0>19
    SLICE_X14Y14.G3      net (fanout=1)        0.300   MRT/centered_tile_y<0>19
    SLICE_X14Y14.X       Tif5x                 1.000   MRT/N16
                                                       MRT/centered_tile_y<0>136_F
                                                       MRT/centered_tile_y<0>136
    SLICE_X12Y27.F3      net (fanout=3)        0.863   MRT/N16
    SLICE_X12Y27.X       Tilo                  0.660   MRT/centered_tile_y<0>
                                                       MRT/centered_tile_y<0>107
    MULT18X18_X0Y3.A0    net (fanout=5)        0.551   MRT/centered_tile_y<0>
    MULT18X18_X0Y3.P2    Tmult                 3.251   MRT/Mmult__mult0001
                                                       MRT/Mmult__mult0001
    SLICE_X3Y27.F1       net (fanout=1)        1.001   MRT/_mult0001<2>
    SLICE_X3Y27.COUT     Topcyf                1.011   MRT/_sub0003<2>
                                                       MRT/Msub__sub0003_lut<2>
                                                       MRT/Msub__sub0003_cy<2>
                                                       MRT/Msub__sub0003_cy<3>
    SLICE_X3Y28.CIN      net (fanout=1)        0.000   MRT/Msub__sub0003_cy<3>
    SLICE_X3Y28.COUT     Tbyp                  0.103   MRT/_sub0003<4>
                                                       MRT/Msub__sub0003_cy<4>
                                                       MRT/Msub__sub0003_cy<5>
    SLICE_X3Y29.CIN      net (fanout=1)        0.000   MRT/Msub__sub0003_cy<5>
    SLICE_X3Y29.COUT     Tbyp                  0.103   MRT/_sub0003<6>
                                                       MRT/Msub__sub0003_cy<6>
                                                       MRT/Msub__sub0003_cy<7>
    SLICE_X3Y30.CIN      net (fanout=1)        0.000   MRT/Msub__sub0003_cy<7>
    SLICE_X3Y30.COUT     Tbyp                  0.103   MRT/_sub0003<8>
                                                       MRT/Msub__sub0003_cy<8>
                                                       MRT/Msub__sub0003_cy<9>
    SLICE_X3Y31.CIN      net (fanout=1)        0.000   MRT/Msub__sub0003_cy<9>
    SLICE_X3Y31.X        Tcinx                 0.402   MRT/_sub0003<10>
                                                       MRT/Msub__sub0003_xor<10>
    SLICE_X2Y36.G3       net (fanout=1)        0.454   MRT/_sub0003<10>
    SLICE_X2Y36.Y        Tilo                  0.660   MRT/N102
                                                       MRT/_shift0000<0>22_SW0
    SLICE_X2Y36.F4       net (fanout=1)        0.020   MRT/_shift0000<0>22_SW0/O
    SLICE_X2Y36.X        Tilo                  0.660   MRT/N102
                                                       MRT/_shift0000<0>22
    SLICE_X2Y51.G1       net (fanout=2)        0.677   MRT/N102
    SLICE_X2Y51.Y        Tilo                  0.660   MRT/N239
                                                       MRT/Madd__COND_13_Madd_lut<3>58_SW0
    SLICE_X0Y56.G3       net (fanout=1)        0.512   N125
    SLICE_X0Y56.Y        Tilo                  0.660   MRT/Madd__COND_13_Madd_lut<3>101
                                                       MRT/Madd__COND_13_Madd_lut<3>58
    SLICE_X0Y56.F4       net (fanout=1)        0.020   MRT/Madd__COND_13_Madd_lut<3>58/O
    SLICE_X0Y56.X        Tilo                  0.660   MRT/Madd__COND_13_Madd_lut<3>101
                                                       MRT/Madd__COND_13_Madd_lut<3>101
    SLICE_X12Y60.F1      net (fanout=1)        0.752   MRT/Madd__COND_13_Madd_lut<3>101
    SLICE_X12Y60.X       Tilo                  0.660   MRT/Madd__COND_13_Madd_lut<3>
                                                       MRT/Madd__COND_13_Madd_lut<3>229
    SLICE_X13Y61.F4      net (fanout=2)        0.039   MRT/Madd__COND_13_Madd_lut<3>
    SLICE_X13Y61.X       Tilo                  0.612   N114
                                                       MRT/rgb_next_and0002329_SW0
    SLICE_X12Y61.G4      net (fanout=1)        0.075   N114
    SLICE_X12Y61.Y       Tilo                  0.660   MRT/rgb_next<0>
                                                       MRT/rgb_next_and0002329
    SLICE_X12Y61.F3      net (fanout=2)        0.021   MRT/rgb_next_and0002
    SLICE_X12Y61.X       Tilo                  0.660   MRT/rgb_next<0>
                                                       MRT/rgb_next_mux0000<0>2
    SLICE_X13Y59.BY      net (fanout=1)        0.317   MRT/N240
    SLICE_X13Y59.CLK     Tsrck                 0.953   MRT/rgb_next<5>
                                                       MRT/rgb_next_5
    -------------------------------------------------  ---------------------------
    Total                                     30.825ns (22.353ns logic, 8.472ns route)
                                                       (72.5% logic, 27.5% route)

--------------------------------------------------------------------------------
Slack (setup path):     -10.837ns (requirement - (data path - clock path skew + uncertainty))
  Source:               tile_height_3_1 (FF)
  Destination:          MRT/rgb_next_5 (FF)
  Requirement:          20.000ns
  Data Path Delay:      30.792ns (Levels of Logic = 24)(Component delays alone exceeds constraint)
  Clock Path Skew:      -0.045ns (0.081 - 0.126)
  Source Clock:         clk_BUFGP rising at 0.000ns
  Destination Clock:    clk_BUFGP rising at 20.000ns
  Clock Uncertainty:    0.000ns

  Maximum Data Path: tile_height_3_1 to MRT/rgb_next_5
    Location             Delay type         Delay(ns)  Physical Resource
                                                       Logical Resource(s)
    -------------------------------------------------  -------------------
    SLICE_X3Y11.YQ       Tcko                  0.511   tile_height_3_1
                                                       tile_height_3_1
    SLICE_X2Y13.G1       net (fanout=7)        0.691   tile_height_3_1
    SLICE_X2Y13.Y        Tilo                  0.660   MRT/tile_pixel_h<3>
                                                       MRT/centered_tile_y<4>17_1
    SLICE_X2Y15.G3       net (fanout=5)        0.273   MRT/centered_tile_y<4>17
    SLICE_X2Y15.Y        Tilo                  0.660   MRT/tile_pixel_h<7>
                                                       MRT/tile_pixel_h_shift0000<1>1
    MULT18X18_X0Y1.A1    net (fanout=3)        0.314   MRT/tile_pixel_h<1>
    MULT18X18_X0Y1.P1    Tmult                 3.251   MRT/Mmult_maze_pixel_h_mult0001
                                                       MRT/Mmult_maze_pixel_h_mult0001
    SLICE_X13Y16.G4      net (fanout=3)        1.198   MRT/maze_pixel_h<1>
    SLICE_X13Y16.COUT    Topcyg                0.871   MRT/maze_border_y<0>
                                                       MRT/maze_border_y_not0000<1>1_INV_0
                                                       MRT/Madd_maze_border_y_sub0000_Madd_cy<1>
    SLICE_X13Y17.CIN     net (fanout=1)        0.000   MRT/Madd_maze_border_y_sub0000_Madd_cy<1>
    SLICE_X13Y17.Y       Tciny                 0.756   MRT/maze_border_y<1>
                                                       MRT/Madd_maze_border_y_sub0000_Madd_cy<2>
                                                       MRT/Madd_maze_border_y_sub0000_Madd_xor<3>
    SLICE_X12Y17.F1      net (fanout=4)        0.128   MRT/maze_border_y<2>
    SLICE_X12Y17.Y       Topy                  1.506   MRT/centered_tile_y_addsub0000<2>
                                                       MRT/Msub_centered_tile_y_addsub0000_lut<2>
                                                       MRT/Msub_centered_tile_y_addsub0000_cy<2>
                                                       MRT/Msub_centered_tile_y_addsub0000_xor<3>
    SLICE_X12Y15.F3      net (fanout=3)        0.266   MRT/centered_tile_y_addsub0000<3>
    SLICE_X12Y15.X       Tilo                  0.660   MRT/centered_tile_y<0>19
                                                       MRT/centered_tile_y<0>19
    SLICE_X14Y14.G3      net (fanout=1)        0.300   MRT/centered_tile_y<0>19
    SLICE_X14Y14.X       Tif5x                 1.000   MRT/N16
                                                       MRT/centered_tile_y<0>136_F
                                                       MRT/centered_tile_y<0>136
    SLICE_X12Y26.G3      net (fanout=3)        0.863   MRT/N16
    SLICE_X12Y26.Y       Tilo                  0.660   MRT/N27
                                                       MRT/centered_tile_y<1>47
    MULT18X18_X0Y3.A1    net (fanout=3)        0.574   MRT/centered_tile_y<1>
    MULT18X18_X0Y3.P2    Tmult                 3.251   MRT/Mmult__mult0001
                                                       MRT/Mmult__mult0001
    SLICE_X3Y27.F1       net (fanout=1)        1.001   MRT/_mult0001<2>
    SLICE_X3Y27.COUT     Topcyf                1.011   MRT/_sub0003<2>
                                                       MRT/Msub__sub0003_lut<2>
                                                       MRT/Msub__sub0003_cy<2>
                                                       MRT/Msub__sub0003_cy<3>
    SLICE_X3Y28.CIN      net (fanout=1)        0.000   MRT/Msub__sub0003_cy<3>
    SLICE_X3Y28.COUT     Tbyp                  0.103   MRT/_sub0003<4>
                                                       MRT/Msub__sub0003_cy<4>
                                                       MRT/Msub__sub0003_cy<5>
    SLICE_X3Y29.CIN      net (fanout=1)        0.000   MRT/Msub__sub0003_cy<5>
    SLICE_X3Y29.COUT     Tbyp                  0.103   MRT/_sub0003<6>
                                                       MRT/Msub__sub0003_cy<6>
                                                       MRT/Msub__sub0003_cy<7>
    SLICE_X3Y30.CIN      net (fanout=1)        0.000   MRT/Msub__sub0003_cy<7>
    SLICE_X3Y30.COUT     Tbyp                  0.103   MRT/_sub0003<8>
                                                       MRT/Msub__sub0003_cy<8>
                                                       MRT/Msub__sub0003_cy<9>
    SLICE_X3Y31.CIN      net (fanout=1)        0.000   MRT/Msub__sub0003_cy<9>
    SLICE_X3Y31.X        Tcinx                 0.402   MRT/_sub0003<10>
                                                       MRT/Msub__sub0003_xor<10>
    SLICE_X2Y36.G3       net (fanout=1)        0.454   MRT/_sub0003<10>
    SLICE_X2Y36.Y        Tilo                  0.660   MRT/N102
                                                       MRT/_shift0000<0>22_SW0
    SLICE_X2Y36.F4       net (fanout=1)        0.020   MRT/_shift0000<0>22_SW0/O
    SLICE_X2Y36.X        Tilo                  0.660   MRT/N102
                                                       MRT/_shift0000<0>22
    SLICE_X2Y51.G1       net (fanout=2)        0.677   MRT/N102
    SLICE_X2Y51.Y        Tilo                  0.660   MRT/N239
                                                       MRT/Madd__COND_13_Madd_lut<3>58_SW0
    SLICE_X0Y56.G3       net (fanout=1)        0.512   N125
    SLICE_X0Y56.Y        Tilo                  0.660   MRT/Madd__COND_13_Madd_lut<3>101
                                                       MRT/Madd__COND_13_Madd_lut<3>58
    SLICE_X0Y56.F4       net (fanout=1)        0.020   MRT/Madd__COND_13_Madd_lut<3>58/O
    SLICE_X0Y56.X        Tilo                  0.660   MRT/Madd__COND_13_Madd_lut<3>101
                                                       MRT/Madd__COND_13_Madd_lut<3>101
    SLICE_X12Y60.F1      net (fanout=1)        0.752   MRT/Madd__COND_13_Madd_lut<3>101
    SLICE_X12Y60.X       Tilo                  0.660   MRT/Madd__COND_13_Madd_lut<3>
                                                       MRT/Madd__COND_13_Madd_lut<3>229
    SLICE_X13Y60.F4      net (fanout=2)        0.039   MRT/Madd__COND_13_Madd_lut<3>
    SLICE_X13Y60.X       Tilo                  0.612   N115
                                                       MRT/rgb_next_and0002329_SW1
    SLICE_X12Y61.G3      net (fanout=1)        0.019   N115
    SLICE_X12Y61.Y       Tilo                  0.660   MRT/rgb_next<0>
                                                       MRT/rgb_next_and0002329
    SLICE_X12Y61.F3      net (fanout=2)        0.021   MRT/rgb_next_and0002
    SLICE_X12Y61.X       Tilo                  0.660   MRT/rgb_next<0>
                                                       MRT/rgb_next_mux0000<0>2
    SLICE_X13Y59.BY      net (fanout=1)        0.317   MRT/N240
    SLICE_X13Y59.CLK     Tsrck                 0.953   MRT/rgb_next<5>
                                                       MRT/rgb_next_5
    -------------------------------------------------  ---------------------------
    Total                                     30.792ns (22.353ns logic, 8.439ns route)
                                                       (72.6% logic, 27.4% route)

--------------------------------------------------------------------------------

Paths for end point MRT/rgb_next_2 (SLICE_X19Y59.G4), 177751955 paths
--------------------------------------------------------------------------------
Slack (setup path):     -10.244ns (requirement - (data path - clock path skew + uncertainty))
  Source:               tile_height_3_1 (FF)
  Destination:          MRT/rgb_next_2 (FF)
  Requirement:          20.000ns
  Data Path Delay:      30.186ns (Levels of Logic = 24)(Component delays alone exceeds constraint)
  Clock Path Skew:      -0.058ns (0.068 - 0.126)
  Source Clock:         clk_BUFGP rising at 0.000ns
  Destination Clock:    clk_BUFGP rising at 20.000ns
  Clock Uncertainty:    0.000ns

  Maximum Data Path: tile_height_3_1 to MRT/rgb_next_2
    Location             Delay type         Delay(ns)  Physical Resource
                                                       Logical Resource(s)
    -------------------------------------------------  -------------------
    SLICE_X3Y11.YQ       Tcko                  0.511   tile_height_3_1
                                                       tile_height_3_1
    SLICE_X2Y13.G1       net (fanout=7)        0.691   tile_height_3_1
    SLICE_X2Y13.Y        Tilo                  0.660   MRT/tile_pixel_h<3>
                                                       MRT/centered_tile_y<4>17_1
    SLICE_X2Y15.G3       net (fanout=5)        0.273   MRT/centered_tile_y<4>17
    SLICE_X2Y15.Y        Tilo                  0.660   MRT/tile_pixel_h<7>
                                                       MRT/tile_pixel_h_shift0000<1>1
    MULT18X18_X0Y1.A1    net (fanout=3)        0.314   MRT/tile_pixel_h<1>
    MULT18X18_X0Y1.P1    Tmult                 3.251   MRT/Mmult_maze_pixel_h_mult0001
                                                       MRT/Mmult_maze_pixel_h_mult0001
    SLICE_X13Y16.G4      net (fanout=3)        1.198   MRT/maze_pixel_h<1>
    SLICE_X13Y16.COUT    Topcyg                0.871   MRT/maze_border_y<0>
                                                       MRT/maze_border_y_not0000<1>1_INV_0
                                                       MRT/Madd_maze_border_y_sub0000_Madd_cy<1>
    SLICE_X13Y17.CIN     net (fanout=1)        0.000   MRT/Madd_maze_border_y_sub0000_Madd_cy<1>
    SLICE_X13Y17.Y       Tciny                 0.756   MRT/maze_border_y<1>
                                                       MRT/Madd_maze_border_y_sub0000_Madd_cy<2>
                                                       MRT/Madd_maze_border_y_sub0000_Madd_xor<3>
    SLICE_X12Y17.F1      net (fanout=4)        0.128   MRT/maze_border_y<2>
    SLICE_X12Y17.Y       Topy                  1.506   MRT/centered_tile_y_addsub0000<2>
                                                       MRT/Msub_centered_tile_y_addsub0000_lut<2>
                                                       MRT/Msub_centered_tile_y_addsub0000_cy<2>
                                                       MRT/Msub_centered_tile_y_addsub0000_xor<3>
    SLICE_X12Y15.F3      net (fanout=3)        0.266   MRT/centered_tile_y_addsub0000<3>
    SLICE_X12Y15.X       Tilo                  0.660   MRT/centered_tile_y<0>19
                                                       MRT/centered_tile_y<0>19
    SLICE_X14Y14.G3      net (fanout=1)        0.300   MRT/centered_tile_y<0>19
    SLICE_X14Y14.X       Tif5x                 1.000   MRT/N16
                                                       MRT/centered_tile_y<0>136_F
                                                       MRT/centered_tile_y<0>136
    SLICE_X12Y26.G3      net (fanout=3)        0.863   MRT/N16
    SLICE_X12Y26.Y       Tilo                  0.660   MRT/N27
                                                       MRT/centered_tile_y<1>47
    MULT18X18_X0Y3.A1    net (fanout=3)        0.574   MRT/centered_tile_y<1>
    MULT18X18_X0Y3.P2    Tmult                 3.251   MRT/Mmult__mult0001
                                                       MRT/Mmult__mult0001
    SLICE_X3Y27.F1       net (fanout=1)        1.001   MRT/_mult0001<2>
    SLICE_X3Y27.COUT     Topcyf                1.011   MRT/_sub0003<2>
                                                       MRT/Msub__sub0003_lut<2>
                                                       MRT/Msub__sub0003_cy<2>
                                                       MRT/Msub__sub0003_cy<3>
    SLICE_X3Y28.CIN      net (fanout=1)        0.000   MRT/Msub__sub0003_cy<3>
    SLICE_X3Y28.COUT     Tbyp                  0.103   MRT/_sub0003<4>
                                                       MRT/Msub__sub0003_cy<4>
                                                       MRT/Msub__sub0003_cy<5>
    SLICE_X3Y29.CIN      net (fanout=1)        0.000   MRT/Msub__sub0003_cy<5>
    SLICE_X3Y29.COUT     Tbyp                  0.103   MRT/_sub0003<6>
                                                       MRT/Msub__sub0003_cy<6>
                                                       MRT/Msub__sub0003_cy<7>
    SLICE_X3Y30.CIN      net (fanout=1)        0.000   MRT/Msub__sub0003_cy<7>
    SLICE_X3Y30.COUT     Tbyp                  0.103   MRT/_sub0003<8>
                                                       MRT/Msub__sub0003_cy<8>
                                                       MRT/Msub__sub0003_cy<9>
    SLICE_X3Y31.CIN      net (fanout=1)        0.000   MRT/Msub__sub0003_cy<9>
    SLICE_X3Y31.X        Tcinx                 0.402   MRT/_sub0003<10>
                                                       MRT/Msub__sub0003_xor<10>
    SLICE_X2Y36.G3       net (fanout=1)        0.454   MRT/_sub0003<10>
    SLICE_X2Y36.Y        Tilo                  0.660   MRT/N102
                                                       MRT/_shift0000<0>22_SW0
    SLICE_X2Y36.F4       net (fanout=1)        0.020   MRT/_shift0000<0>22_SW0/O
    SLICE_X2Y36.X        Tilo                  0.660   MRT/N102
                                                       MRT/_shift0000<0>22
    SLICE_X2Y51.G1       net (fanout=2)        0.677   MRT/N102
    SLICE_X2Y51.Y        Tilo                  0.660   MRT/N239
                                                       MRT/Madd__COND_13_Madd_lut<3>58_SW0
    SLICE_X0Y56.G3       net (fanout=1)        0.512   N125
    SLICE_X0Y56.Y        Tilo                  0.660   MRT/Madd__COND_13_Madd_lut<3>101
                                                       MRT/Madd__COND_13_Madd_lut<3>58
    SLICE_X0Y56.F4       net (fanout=1)        0.020   MRT/Madd__COND_13_Madd_lut<3>58/O
    SLICE_X0Y56.X        Tilo                  0.660   MRT/Madd__COND_13_Madd_lut<3>101
                                                       MRT/Madd__COND_13_Madd_lut<3>101
    SLICE_X12Y60.F1      net (fanout=1)        0.752   MRT/Madd__COND_13_Madd_lut<3>101
    SLICE_X12Y60.X       Tilo                  0.660   MRT/Madd__COND_13_Madd_lut<3>
                                                       MRT/Madd__COND_13_Madd_lut<3>229
    SLICE_X13Y61.F4      net (fanout=2)        0.039   MRT/Madd__COND_13_Madd_lut<3>
    SLICE_X13Y61.X       Tilo                  0.612   N114
                                                       MRT/rgb_next_and0002329_SW0
    SLICE_X12Y61.G4      net (fanout=1)        0.075   N114
    SLICE_X12Y61.Y       Tilo                  0.660   MRT/rgb_next<0>
                                                       MRT/rgb_next_and0002329
    SLICE_X19Y59.G4      net (fanout=2)        0.561   MRT/rgb_next_and0002
    SLICE_X19Y59.CLK     Tgck                  0.728   MRT/rgb_next<2>
                                                       MRT/rgb_next_mux0000<3>401
                                                       MRT/rgb_next_2
    -------------------------------------------------  ---------------------------
    Total                                     30.186ns (21.468ns logic, 8.718ns route)
                                                       (71.1% logic, 28.9% route)

--------------------------------------------------------------------------------
Slack (setup path):     -10.221ns (requirement - (data path - clock path skew + uncertainty))
  Source:               tile_height_3_1 (FF)
  Destination:          MRT/rgb_next_2 (FF)
  Requirement:          20.000ns
  Data Path Delay:      30.163ns (Levels of Logic = 24)(Component delays alone exceeds constraint)
  Clock Path Skew:      -0.058ns (0.068 - 0.126)
  Source Clock:         clk_BUFGP rising at 0.000ns
  Destination Clock:    clk_BUFGP rising at 20.000ns
  Clock Uncertainty:    0.000ns

  Maximum Data Path: tile_height_3_1 to MRT/rgb_next_2
    Location             Delay type         Delay(ns)  Physical Resource
                                                       Logical Resource(s)
    -------------------------------------------------  -------------------
    SLICE_X3Y11.YQ       Tcko                  0.511   tile_height_3_1
                                                       tile_height_3_1
    SLICE_X2Y13.G1       net (fanout=7)        0.691   tile_height_3_1
    SLICE_X2Y13.Y        Tilo                  0.660   MRT/tile_pixel_h<3>
                                                       MRT/centered_tile_y<4>17_1
    SLICE_X2Y15.G3       net (fanout=5)        0.273   MRT/centered_tile_y<4>17
    SLICE_X2Y15.Y        Tilo                  0.660   MRT/tile_pixel_h<7>
                                                       MRT/tile_pixel_h_shift0000<1>1
    MULT18X18_X0Y1.A1    net (fanout=3)        0.314   MRT/tile_pixel_h<1>
    MULT18X18_X0Y1.P1    Tmult                 3.251   MRT/Mmult_maze_pixel_h_mult0001
                                                       MRT/Mmult_maze_pixel_h_mult0001
    SLICE_X13Y16.G4      net (fanout=3)        1.198   MRT/maze_pixel_h<1>
    SLICE_X13Y16.COUT    Topcyg                0.871   MRT/maze_border_y<0>
                                                       MRT/maze_border_y_not0000<1>1_INV_0
                                                       MRT/Madd_maze_border_y_sub0000_Madd_cy<1>
    SLICE_X13Y17.CIN     net (fanout=1)        0.000   MRT/Madd_maze_border_y_sub0000_Madd_cy<1>
    SLICE_X13Y17.Y       Tciny                 0.756   MRT/maze_border_y<1>
                                                       MRT/Madd_maze_border_y_sub0000_Madd_cy<2>
                                                       MRT/Madd_maze_border_y_sub0000_Madd_xor<3>
    SLICE_X12Y17.F1      net (fanout=4)        0.128   MRT/maze_border_y<2>
    SLICE_X12Y17.Y       Topy                  1.506   MRT/centered_tile_y_addsub0000<2>
                                                       MRT/Msub_centered_tile_y_addsub0000_lut<2>
                                                       MRT/Msub_centered_tile_y_addsub0000_cy<2>
                                                       MRT/Msub_centered_tile_y_addsub0000_xor<3>
    SLICE_X12Y15.F3      net (fanout=3)        0.266   MRT/centered_tile_y_addsub0000<3>
    SLICE_X12Y15.X       Tilo                  0.660   MRT/centered_tile_y<0>19
                                                       MRT/centered_tile_y<0>19
    SLICE_X14Y14.G3      net (fanout=1)        0.300   MRT/centered_tile_y<0>19
    SLICE_X14Y14.X       Tif5x                 1.000   MRT/N16
                                                       MRT/centered_tile_y<0>136_F
                                                       MRT/centered_tile_y<0>136
    SLICE_X12Y27.F3      net (fanout=3)        0.863   MRT/N16
    SLICE_X12Y27.X       Tilo                  0.660   MRT/centered_tile_y<0>
                                                       MRT/centered_tile_y<0>107
    MULT18X18_X0Y3.A0    net (fanout=5)        0.551   MRT/centered_tile_y<0>
    MULT18X18_X0Y3.P2    Tmult                 3.251   MRT/Mmult__mult0001
                                                       MRT/Mmult__mult0001
    SLICE_X3Y27.F1       net (fanout=1)        1.001   MRT/_mult0001<2>
    SLICE_X3Y27.COUT     Topcyf                1.011   MRT/_sub0003<2>
                                                       MRT/Msub__sub0003_lut<2>
                                                       MRT/Msub__sub0003_cy<2>
                                                       MRT/Msub__sub0003_cy<3>
    SLICE_X3Y28.CIN      net (fanout=1)        0.000   MRT/Msub__sub0003_cy<3>
    SLICE_X3Y28.COUT     Tbyp                  0.103   MRT/_sub0003<4>
                                                       MRT/Msub__sub0003_cy<4>
                                                       MRT/Msub__sub0003_cy<5>
    SLICE_X3Y29.CIN      net (fanout=1)        0.000   MRT/Msub__sub0003_cy<5>
    SLICE_X3Y29.COUT     Tbyp                  0.103   MRT/_sub0003<6>
                                                       MRT/Msub__sub0003_cy<6>
                                                       MRT/Msub__sub0003_cy<7>
    SLICE_X3Y30.CIN      net (fanout=1)        0.000   MRT/Msub__sub0003_cy<7>
    SLICE_X3Y30.COUT     Tbyp                  0.103   MRT/_sub0003<8>
                                                       MRT/Msub__sub0003_cy<8>
                                                       MRT/Msub__sub0003_cy<9>
    SLICE_X3Y31.CIN      net (fanout=1)        0.000   MRT/Msub__sub0003_cy<9>
    SLICE_X3Y31.X        Tcinx                 0.402   MRT/_sub0003<10>
                                                       MRT/Msub__sub0003_xor<10>
    SLICE_X2Y36.G3       net (fanout=1)        0.454   MRT/_sub0003<10>
    SLICE_X2Y36.Y        Tilo                  0.660   MRT/N102
                                                       MRT/_shift0000<0>22_SW0
    SLICE_X2Y36.F4       net (fanout=1)        0.020   MRT/_shift0000<0>22_SW0/O
    SLICE_X2Y36.X        Tilo                  0.660   MRT/N102
                                                       MRT/_shift0000<0>22
    SLICE_X2Y51.G1       net (fanout=2)        0.677   MRT/N102
    SLICE_X2Y51.Y        Tilo                  0.660   MRT/N239
                                                       MRT/Madd__COND_13_Madd_lut<3>58_SW0
    SLICE_X0Y56.G3       net (fanout=1)        0.512   N125
    SLICE_X0Y56.Y        Tilo                  0.660   MRT/Madd__COND_13_Madd_lut<3>101
                                                       MRT/Madd__COND_13_Madd_lut<3>58
    SLICE_X0Y56.F4       net (fanout=1)        0.020   MRT/Madd__COND_13_Madd_lut<3>58/O
    SLICE_X0Y56.X        Tilo                  0.660   MRT/Madd__COND_13_Madd_lut<3>101
                                                       MRT/Madd__COND_13_Madd_lut<3>101
    SLICE_X12Y60.F1      net (fanout=1)        0.752   MRT/Madd__COND_13_Madd_lut<3>101
    SLICE_X12Y60.X       Tilo                  0.660   MRT/Madd__COND_13_Madd_lut<3>
                                                       MRT/Madd__COND_13_Madd_lut<3>229
    SLICE_X13Y61.F4      net (fanout=2)        0.039   MRT/Madd__COND_13_Madd_lut<3>
    SLICE_X13Y61.X       Tilo                  0.612   N114
                                                       MRT/rgb_next_and0002329_SW0
    SLICE_X12Y61.G4      net (fanout=1)        0.075   N114
    SLICE_X12Y61.Y       Tilo                  0.660   MRT/rgb_next<0>
                                                       MRT/rgb_next_and0002329
    SLICE_X19Y59.G4      net (fanout=2)        0.561   MRT/rgb_next_and0002
    SLICE_X19Y59.CLK     Tgck                  0.728   MRT/rgb_next<2>
                                                       MRT/rgb_next_mux0000<3>401
                                                       MRT/rgb_next_2
    -------------------------------------------------  ---------------------------
    Total                                     30.163ns (21.468ns logic, 8.695ns route)
                                                       (71.2% logic, 28.8% route)

--------------------------------------------------------------------------------
Slack (setup path):     -10.188ns (requirement - (data path - clock path skew + uncertainty))
  Source:               tile_height_3_1 (FF)
  Destination:          MRT/rgb_next_2 (FF)
  Requirement:          20.000ns
  Data Path Delay:      30.130ns (Levels of Logic = 24)(Component delays alone exceeds constraint)
  Clock Path Skew:      -0.058ns (0.068 - 0.126)
  Source Clock:         clk_BUFGP rising at 0.000ns
  Destination Clock:    clk_BUFGP rising at 20.000ns
  Clock Uncertainty:    0.000ns

  Maximum Data Path: tile_height_3_1 to MRT/rgb_next_2
    Location             Delay type         Delay(ns)  Physical Resource
                                                       Logical Resource(s)
    -------------------------------------------------  -------------------
    SLICE_X3Y11.YQ       Tcko                  0.511   tile_height_3_1
                                                       tile_height_3_1
    SLICE_X2Y13.G1       net (fanout=7)        0.691   tile_height_3_1
    SLICE_X2Y13.Y        Tilo                  0.660   MRT/tile_pixel_h<3>
                                                       MRT/centered_tile_y<4>17_1
    SLICE_X2Y15.G3       net (fanout=5)        0.273   MRT/centered_tile_y<4>17
    SLICE_X2Y15.Y        Tilo                  0.660   MRT/tile_pixel_h<7>
                                                       MRT/tile_pixel_h_shift0000<1>1
    MULT18X18_X0Y1.A1    net (fanout=3)        0.314   MRT/tile_pixel_h<1>
    MULT18X18_X0Y1.P1    Tmult                 3.251   MRT/Mmult_maze_pixel_h_mult0001
                                                       MRT/Mmult_maze_pixel_h_mult0001
    SLICE_X13Y16.G4      net (fanout=3)        1.198   MRT/maze_pixel_h<1>
    SLICE_X13Y16.COUT    Topcyg                0.871   MRT/maze_border_y<0>
                                                       MRT/maze_border_y_not0000<1>1_INV_0
                                                       MRT/Madd_maze_border_y_sub0000_Madd_cy<1>
    SLICE_X13Y17.CIN     net (fanout=1)        0.000   MRT/Madd_maze_border_y_sub0000_Madd_cy<1>
    SLICE_X13Y17.Y       Tciny                 0.756   MRT/maze_border_y<1>
                                                       MRT/Madd_maze_border_y_sub0000_Madd_cy<2>
                                                       MRT/Madd_maze_border_y_sub0000_Madd_xor<3>
    SLICE_X12Y17.F1      net (fanout=4)        0.128   MRT/maze_border_y<2>
    SLICE_X12Y17.Y       Topy                  1.506   MRT/centered_tile_y_addsub0000<2>
                                                       MRT/Msub_centered_tile_y_addsub0000_lut<2>
                                                       MRT/Msub_centered_tile_y_addsub0000_cy<2>
                                                       MRT/Msub_centered_tile_y_addsub0000_xor<3>
    SLICE_X12Y15.F3      net (fanout=3)        0.266   MRT/centered_tile_y_addsub0000<3>
    SLICE_X12Y15.X       Tilo                  0.660   MRT/centered_tile_y<0>19
                                                       MRT/centered_tile_y<0>19
    SLICE_X14Y14.G3      net (fanout=1)        0.300   MRT/centered_tile_y<0>19
    SLICE_X14Y14.X       Tif5x                 1.000   MRT/N16
                                                       MRT/centered_tile_y<0>136_F
                                                       MRT/centered_tile_y<0>136
    SLICE_X12Y26.G3      net (fanout=3)        0.863   MRT/N16
    SLICE_X12Y26.Y       Tilo                  0.660   MRT/N27
                                                       MRT/centered_tile_y<1>47
    MULT18X18_X0Y3.A1    net (fanout=3)        0.574   MRT/centered_tile_y<1>
    MULT18X18_X0Y3.P2    Tmult                 3.251   MRT/Mmult__mult0001
                                                       MRT/Mmult__mult0001
    SLICE_X3Y27.F1       net (fanout=1)        1.001   MRT/_mult0001<2>
    SLICE_X3Y27.COUT     Topcyf                1.011   MRT/_sub0003<2>
                                                       MRT/Msub__sub0003_lut<2>
                                                       MRT/Msub__sub0003_cy<2>
                                                       MRT/Msub__sub0003_cy<3>
    SLICE_X3Y28.CIN      net (fanout=1)        0.000   MRT/Msub__sub0003_cy<3>
    SLICE_X3Y28.COUT     Tbyp                  0.103   MRT/_sub0003<4>
                                                       MRT/Msub__sub0003_cy<4>
                                                       MRT/Msub__sub0003_cy<5>
    SLICE_X3Y29.CIN      net (fanout=1)        0.000   MRT/Msub__sub0003_cy<5>
    SLICE_X3Y29.COUT     Tbyp                  0.103   MRT/_sub0003<6>
                                                       MRT/Msub__sub0003_cy<6>
                                                       MRT/Msub__sub0003_cy<7>
    SLICE_X3Y30.CIN      net (fanout=1)        0.000   MRT/Msub__sub0003_cy<7>
    SLICE_X3Y30.COUT     Tbyp                  0.103   MRT/_sub0003<8>
                                                       MRT/Msub__sub0003_cy<8>
                                                       MRT/Msub__sub0003_cy<9>
    SLICE_X3Y31.CIN      net (fanout=1)        0.000   MRT/Msub__sub0003_cy<9>
    SLICE_X3Y31.X        Tcinx                 0.402   MRT/_sub0003<10>
                                                       MRT/Msub__sub0003_xor<10>
    SLICE_X2Y36.G3       net (fanout=1)        0.454   MRT/_sub0003<10>
    SLICE_X2Y36.Y        Tilo                  0.660   MRT/N102
                                                       MRT/_shift0000<0>22_SW0
    SLICE_X2Y36.F4       net (fanout=1)        0.020   MRT/_shift0000<0>22_SW0/O
    SLICE_X2Y36.X        Tilo                  0.660   MRT/N102
                                                       MRT/_shift0000<0>22
    SLICE_X2Y51.G1       net (fanout=2)        0.677   MRT/N102
    SLICE_X2Y51.Y        Tilo                  0.660   MRT/N239
                                                       MRT/Madd__COND_13_Madd_lut<3>58_SW0
    SLICE_X0Y56.G3       net (fanout=1)        0.512   N125
    SLICE_X0Y56.Y        Tilo                  0.660   MRT/Madd__COND_13_Madd_lut<3>101
                                                       MRT/Madd__COND_13_Madd_lut<3>58
    SLICE_X0Y56.F4       net (fanout=1)        0.020   MRT/Madd__COND_13_Madd_lut<3>58/O
    SLICE_X0Y56.X        Tilo                  0.660   MRT/Madd__COND_13_Madd_lut<3>101
                                                       MRT/Madd__COND_13_Madd_lut<3>101
    SLICE_X12Y60.F1      net (fanout=1)        0.752   MRT/Madd__COND_13_Madd_lut<3>101
    SLICE_X12Y60.X       Tilo                  0.660   MRT/Madd__COND_13_Madd_lut<3>
                                                       MRT/Madd__COND_13_Madd_lut<3>229
    SLICE_X13Y60.F4      net (fanout=2)        0.039   MRT/Madd__COND_13_Madd_lut<3>
    SLICE_X13Y60.X       Tilo                  0.612   N115
                                                       MRT/rgb_next_and0002329_SW1
    SLICE_X12Y61.G3      net (fanout=1)        0.019   N115
    SLICE_X12Y61.Y       Tilo                  0.660   MRT/rgb_next<0>
                                                       MRT/rgb_next_and0002329
    SLICE_X19Y59.G4      net (fanout=2)        0.561   MRT/rgb_next_and0002
    SLICE_X19Y59.CLK     Tgck                  0.728   MRT/rgb_next<2>
                                                       MRT/rgb_next_mux0000<3>401
                                                       MRT/rgb_next_2
    -------------------------------------------------  ---------------------------
    Total                                     30.130ns (21.468ns logic, 8.662ns route)
                                                       (71.3% logic, 28.7% route)

--------------------------------------------------------------------------------

Paths for end point MRT/rgb_next_0 (SLICE_X12Y61.F3), 177751955 paths
--------------------------------------------------------------------------------
Slack (setup path):     -9.741ns (requirement - (data path - clock path skew + uncertainty))
  Source:               tile_height_3_1 (FF)
  Destination:          MRT/rgb_next_0 (FF)
  Requirement:          20.000ns
  Data Path Delay:      29.694ns (Levels of Logic = 24)(Component delays alone exceeds constraint)
  Clock Path Skew:      -0.047ns (0.079 - 0.126)
  Source Clock:         clk_BUFGP rising at 0.000ns
  Destination Clock:    clk_BUFGP rising at 20.000ns
  Clock Uncertainty:    0.000ns

  Maximum Data Path: tile_height_3_1 to MRT/rgb_next_0
    Location             Delay type         Delay(ns)  Physical Resource
                                                       Logical Resource(s)
    -------------------------------------------------  -------------------
    SLICE_X3Y11.YQ       Tcko                  0.511   tile_height_3_1
                                                       tile_height_3_1
    SLICE_X2Y13.G1       net (fanout=7)        0.691   tile_height_3_1
    SLICE_X2Y13.Y        Tilo                  0.660   MRT/tile_pixel_h<3>
                                                       MRT/centered_tile_y<4>17_1
    SLICE_X2Y15.G3       net (fanout=5)        0.273   MRT/centered_tile_y<4>17
    SLICE_X2Y15.Y        Tilo                  0.660   MRT/tile_pixel_h<7>
                                                       MRT/tile_pixel_h_shift0000<1>1
    MULT18X18_X0Y1.A1    net (fanout=3)        0.314   MRT/tile_pixel_h<1>
    MULT18X18_X0Y1.P1    Tmult                 3.251   MRT/Mmult_maze_pixel_h_mult0001
                                                       MRT/Mmult_maze_pixel_h_mult0001
    SLICE_X13Y16.G4      net (fanout=3)        1.198   MRT/maze_pixel_h<1>
    SLICE_X13Y16.COUT    Topcyg                0.871   MRT/maze_border_y<0>
                                                       MRT/maze_border_y_not0000<1>1_INV_0
                                                       MRT/Madd_maze_border_y_sub0000_Madd_cy<1>
    SLICE_X13Y17.CIN     net (fanout=1)        0.000   MRT/Madd_maze_border_y_sub0000_Madd_cy<1>
    SLICE_X13Y17.Y       Tciny                 0.756   MRT/maze_border_y<1>
                                                       MRT/Madd_maze_border_y_sub0000_Madd_cy<2>
                                                       MRT/Madd_maze_border_y_sub0000_Madd_xor<3>
    SLICE_X12Y17.F1      net (fanout=4)        0.128   MRT/maze_border_y<2>
    SLICE_X12Y17.Y       Topy                  1.506   MRT/centered_tile_y_addsub0000<2>
                                                       MRT/Msub_centered_tile_y_addsub0000_lut<2>
                                                       MRT/Msub_centered_tile_y_addsub0000_cy<2>
                                                       MRT/Msub_centered_tile_y_addsub0000_xor<3>
    SLICE_X12Y15.F3      net (fanout=3)        0.266   MRT/centered_tile_y_addsub0000<3>
    SLICE_X12Y15.X       Tilo                  0.660   MRT/centered_tile_y<0>19
                                                       MRT/centered_tile_y<0>19
    SLICE_X14Y14.G3      net (fanout=1)        0.300   MRT/centered_tile_y<0>19
    SLICE_X14Y14.X       Tif5x                 1.000   MRT/N16
                                                       MRT/centered_tile_y<0>136_F
                                                       MRT/centered_tile_y<0>136
    SLICE_X12Y26.G3      net (fanout=3)        0.863   MRT/N16
    SLICE_X12Y26.Y       Tilo                  0.660   MRT/N27
                                                       MRT/centered_tile_y<1>47
    MULT18X18_X0Y3.A1    net (fanout=3)        0.574   MRT/centered_tile_y<1>
    MULT18X18_X0Y3.P2    Tmult                 3.251   MRT/Mmult__mult0001
                                                       MRT/Mmult__mult0001
    SLICE_X3Y27.F1       net (fanout=1)        1.001   MRT/_mult0001<2>
    SLICE_X3Y27.COUT     Topcyf                1.011   MRT/_sub0003<2>
                                                       MRT/Msub__sub0003_lut<2>
                                                       MRT/Msub__sub0003_cy<2>
                                                       MRT/Msub__sub0003_cy<3>
    SLICE_X3Y28.CIN      net (fanout=1)        0.000   MRT/Msub__sub0003_cy<3>
    SLICE_X3Y28.COUT     Tbyp                  0.103   MRT/_sub0003<4>
                                                       MRT/Msub__sub0003_cy<4>
                                                       MRT/Msub__sub0003_cy<5>
    SLICE_X3Y29.CIN      net (fanout=1)        0.000   MRT/Msub__sub0003_cy<5>
    SLICE_X3Y29.COUT     Tbyp                  0.103   MRT/_sub0003<6>
                                                       MRT/Msub__sub0003_cy<6>
                                                       MRT/Msub__sub0003_cy<7>
    SLICE_X3Y30.CIN      net (fanout=1)        0.000   MRT/Msub__sub0003_cy<7>
    SLICE_X3Y30.COUT     Tbyp                  0.103   MRT/_sub0003<8>
                                                       MRT/Msub__sub0003_cy<8>
                                                       MRT/Msub__sub0003_cy<9>
    SLICE_X3Y31.CIN      net (fanout=1)        0.000   MRT/Msub__sub0003_cy<9>
    SLICE_X3Y31.X        Tcinx                 0.402   MRT/_sub0003<10>
                                                       MRT/Msub__sub0003_xor<10>
    SLICE_X2Y36.G3       net (fanout=1)        0.454   MRT/_sub0003<10>
    SLICE_X2Y36.Y        Tilo                  0.660   MRT/N102
                                                       MRT/_shift0000<0>22_SW0
    SLICE_X2Y36.F4       net (fanout=1)        0.020   MRT/_shift0000<0>22_SW0/O
    SLICE_X2Y36.X        Tilo                  0.660   MRT/N102
                                                       MRT/_shift0000<0>22
    SLICE_X2Y51.G1       net (fanout=2)        0.677   MRT/N102
    SLICE_X2Y51.Y        Tilo                  0.660   MRT/N239
                                                       MRT/Madd__COND_13_Madd_lut<3>58_SW0
    SLICE_X0Y56.G3       net (fanout=1)        0.512   N125
    SLICE_X0Y56.Y        Tilo                  0.660   MRT/Madd__COND_13_Madd_lut<3>101
                                                       MRT/Madd__COND_13_Madd_lut<3>58
    SLICE_X0Y56.F4       net (fanout=1)        0.020   MRT/Madd__COND_13_Madd_lut<3>58/O
    SLICE_X0Y56.X        Tilo                  0.660   MRT/Madd__COND_13_Madd_lut<3>101
                                                       MRT/Madd__COND_13_Madd_lut<3>101
    SLICE_X12Y60.F1      net (fanout=1)        0.752   MRT/Madd__COND_13_Madd_lut<3>101
    SLICE_X12Y60.X       Tilo                  0.660   MRT/Madd__COND_13_Madd_lut<3>
                                                       MRT/Madd__COND_13_Madd_lut<3>229
    SLICE_X13Y61.F4      net (fanout=2)        0.039   MRT/Madd__COND_13_Madd_lut<3>
    SLICE_X13Y61.X       Tilo                  0.612   N114
                                                       MRT/rgb_next_and0002329_SW0
    SLICE_X12Y61.G4      net (fanout=1)        0.075   N114
    SLICE_X12Y61.Y       Tilo                  0.660   MRT/rgb_next<0>
                                                       MRT/rgb_next_and0002329
    SLICE_X12Y61.F3      net (fanout=2)        0.021   MRT/rgb_next_and0002
    SLICE_X12Y61.CLK     Tfck                  0.776   MRT/rgb_next<0>
                                                       MRT/rgb_next_mux0000<0>2
                                                       MRT/rgb_next_0
    -------------------------------------------------  ---------------------------
    Total                                     29.694ns (21.516ns logic, 8.178ns route)
                                                       (72.5% logic, 27.5% route)

--------------------------------------------------------------------------------
Slack (setup path):     -9.718ns (requirement - (data path - clock path skew + uncertainty))
  Source:               tile_height_3_1 (FF)
  Destination:          MRT/rgb_next_0 (FF)
  Requirement:          20.000ns
  Data Path Delay:      29.671ns (Levels of Logic = 24)(Component delays alone exceeds constraint)
  Clock Path Skew:      -0.047ns (0.079 - 0.126)
  Source Clock:         clk_BUFGP rising at 0.000ns
  Destination Clock:    clk_BUFGP rising at 20.000ns
  Clock Uncertainty:    0.000ns

  Maximum Data Path: tile_height_3_1 to MRT/rgb_next_0
    Location             Delay type         Delay(ns)  Physical Resource
                                                       Logical Resource(s)
    -------------------------------------------------  -------------------
    SLICE_X3Y11.YQ       Tcko                  0.511   tile_height_3_1
                                                       tile_height_3_1
    SLICE_X2Y13.G1       net (fanout=7)        0.691   tile_height_3_1
    SLICE_X2Y13.Y        Tilo                  0.660   MRT/tile_pixel_h<3>
                                                       MRT/centered_tile_y<4>17_1
    SLICE_X2Y15.G3       net (fanout=5)        0.273   MRT/centered_tile_y<4>17
    SLICE_X2Y15.Y        Tilo                  0.660   MRT/tile_pixel_h<7>
                                                       MRT/tile_pixel_h_shift0000<1>1
    MULT18X18_X0Y1.A1    net (fanout=3)        0.314   MRT/tile_pixel_h<1>
    MULT18X18_X0Y1.P1    Tmult                 3.251   MRT/Mmult_maze_pixel_h_mult0001
                                                       MRT/Mmult_maze_pixel_h_mult0001
    SLICE_X13Y16.G4      net (fanout=3)        1.198   MRT/maze_pixel_h<1>
    SLICE_X13Y16.COUT    Topcyg                0.871   MRT/maze_border_y<0>
                                                       MRT/maze_border_y_not0000<1>1_INV_0
                                                       MRT/Madd_maze_border_y_sub0000_Madd_cy<1>
    SLICE_X13Y17.CIN     net (fanout=1)        0.000   MRT/Madd_maze_border_y_sub0000_Madd_cy<1>
    SLICE_X13Y17.Y       Tciny                 0.756   MRT/maze_border_y<1>
                                                       MRT/Madd_maze_border_y_sub0000_Madd_cy<2>
                                                       MRT/Madd_maze_border_y_sub0000_Madd_xor<3>
    SLICE_X12Y17.F1      net (fanout=4)        0.128   MRT/maze_border_y<2>
    SLICE_X12Y17.Y       Topy                  1.506   MRT/centered_tile_y_addsub0000<2>
                                                       MRT/Msub_centered_tile_y_addsub0000_lut<2>
                                                       MRT/Msub_centered_tile_y_addsub0000_cy<2>
                                                       MRT/Msub_centered_tile_y_addsub0000_xor<3>
    SLICE_X12Y15.F3      net (fanout=3)        0.266   MRT/centered_tile_y_addsub0000<3>
    SLICE_X12Y15.X       Tilo                  0.660   MRT/centered_tile_y<0>19
                                                       MRT/centered_tile_y<0>19
    SLICE_X14Y14.G3      net (fanout=1)        0.300   MRT/centered_tile_y<0>19
    SLICE_X14Y14.X       Tif5x                 1.000   MRT/N16
                                                       MRT/centered_tile_y<0>136_F
                                                       MRT/centered_tile_y<0>136
    SLICE_X12Y27.F3      net (fanout=3)        0.863   MRT/N16
    SLICE_X12Y27.X       Tilo                  0.660   MRT/centered_tile_y<0>
                                                       MRT/centered_tile_y<0>107
    MULT18X18_X0Y3.A0    net (fanout=5)        0.551   MRT/centered_tile_y<0>
    MULT18X18_X0Y3.P2    Tmult                 3.251   MRT/Mmult__mult0001
                                                       MRT/Mmult__mult0001
    SLICE_X3Y27.F1       net (fanout=1)        1.001   MRT/_mult0001<2>
    SLICE_X3Y27.COUT     Topcyf                1.011   MRT/_sub0003<2>
                                                       MRT/Msub__sub0003_lut<2>
                                                       MRT/Msub__sub0003_cy<2>
                                                       MRT/Msub__sub0003_cy<3>
    SLICE_X3Y28.CIN      net (fanout=1)        0.000   MRT/Msub__sub0003_cy<3>
    SLICE_X3Y28.COUT     Tbyp                  0.103   MRT/_sub0003<4>
                                                       MRT/Msub__sub0003_cy<4>
                                                       MRT/Msub__sub0003_cy<5>
    SLICE_X3Y29.CIN      net (fanout=1)        0.000   MRT/Msub__sub0003_cy<5>
    SLICE_X3Y29.COUT     Tbyp                  0.103   MRT/_sub0003<6>
                                                       MRT/Msub__sub0003_cy<6>
                                                       MRT/Msub__sub0003_cy<7>
    SLICE_X3Y30.CIN      net (fanout=1)        0.000   MRT/Msub__sub0003_cy<7>
    SLICE_X3Y30.COUT     Tbyp                  0.103   MRT/_sub0003<8>
                                                       MRT/Msub__sub0003_cy<8>
                                                       MRT/Msub__sub0003_cy<9>
    SLICE_X3Y31.CIN      net (fanout=1)        0.000   MRT/Msub__sub0003_cy<9>
    SLICE_X3Y31.X        Tcinx                 0.402   MRT/_sub0003<10>
                                                       MRT/Msub__sub0003_xor<10>
    SLICE_X2Y36.G3       net (fanout=1)        0.454   MRT/_sub0003<10>
    SLICE_X2Y36.Y        Tilo                  0.660   MRT/N102
                                                       MRT/_shift0000<0>22_SW0
    SLICE_X2Y36.F4       net (fanout=1)        0.020   MRT/_shift0000<0>22_SW0/O
    SLICE_X2Y36.X        Tilo                  0.660   MRT/N102
                                                       MRT/_shift0000<0>22
    SLICE_X2Y51.G1       net (fanout=2)        0.677   MRT/N102
    SLICE_X2Y51.Y        Tilo                  0.660   MRT/N239
                                                       MRT/Madd__COND_13_Madd_lut<3>58_SW0
    SLICE_X0Y56.G3       net (fanout=1)        0.512   N125
    SLICE_X0Y56.Y        Tilo                  0.660   MRT/Madd__COND_13_Madd_lut<3>101
                                                       MRT/Madd__COND_13_Madd_lut<3>58
    SLICE_X0Y56.F4       net (fanout=1)        0.020   MRT/Madd__COND_13_Madd_lut<3>58/O
    SLICE_X0Y56.X        Tilo                  0.660   MRT/Madd__COND_13_Madd_lut<3>101
                                                       MRT/Madd__COND_13_Madd_lut<3>101
    SLICE_X12Y60.F1      net (fanout=1)        0.752   MRT/Madd__COND_13_Madd_lut<3>101
    SLICE_X12Y60.X       Tilo                  0.660   MRT/Madd__COND_13_Madd_lut<3>
                                                       MRT/Madd__COND_13_Madd_lut<3>229
    SLICE_X13Y61.F4      net (fanout=2)        0.039   MRT/Madd__COND_13_Madd_lut<3>
    SLICE_X13Y61.X       Tilo                  0.612   N114
                                                       MRT/rgb_next_and0002329_SW0
    SLICE_X12Y61.G4      net (fanout=1)        0.075   N114
    SLICE_X12Y61.Y       Tilo                  0.660   MRT/rgb_next<0>
                                                       MRT/rgb_next_and0002329
    SLICE_X12Y61.F3      net (fanout=2)        0.021   MRT/rgb_next_and0002
    SLICE_X12Y61.CLK     Tfck                  0.776   MRT/rgb_next<0>
                                                       MRT/rgb_next_mux0000<0>2
                                                       MRT/rgb_next_0
    -------------------------------------------------  ---------------------------
    Total                                     29.671ns (21.516ns logic, 8.155ns route)
                                                       (72.5% logic, 27.5% route)

--------------------------------------------------------------------------------
Slack (setup path):     -9.685ns (requirement - (data path - clock path skew + uncertainty))
  Source:               tile_height_3_1 (FF)
  Destination:          MRT/rgb_next_0 (FF)
  Requirement:          20.000ns
  Data Path Delay:      29.638ns (Levels of Logic = 24)(Component delays alone exceeds constraint)
  Clock Path Skew:      -0.047ns (0.079 - 0.126)
  Source Clock:         clk_BUFGP rising at 0.000ns
  Destination Clock:    clk_BUFGP rising at 20.000ns
  Clock Uncertainty:    0.000ns

  Maximum Data Path: tile_height_3_1 to MRT/rgb_next_0
    Location             Delay type         Delay(ns)  Physical Resource
                                                       Logical Resource(s)
    -------------------------------------------------  -------------------
    SLICE_X3Y11.YQ       Tcko                  0.511   tile_height_3_1
                                                       tile_height_3_1
    SLICE_X2Y13.G1       net (fanout=7)        0.691   tile_height_3_1
    SLICE_X2Y13.Y        Tilo                  0.660   MRT/tile_pixel_h<3>
                                                       MRT/centered_tile_y<4>17_1
    SLICE_X2Y15.G3       net (fanout=5)        0.273   MRT/centered_tile_y<4>17
    SLICE_X2Y15.Y        Tilo                  0.660   MRT/tile_pixel_h<7>
                                                       MRT/tile_pixel_h_shift0000<1>1
    MULT18X18_X0Y1.A1    net (fanout=3)        0.314   MRT/tile_pixel_h<1>
    MULT18X18_X0Y1.P1    Tmult                 3.251   MRT/Mmult_maze_pixel_h_mult0001
                                                       MRT/Mmult_maze_pixel_h_mult0001
    SLICE_X13Y16.G4      net (fanout=3)        1.198   MRT/maze_pixel_h<1>
    SLICE_X13Y16.COUT    Topcyg                0.871   MRT/maze_border_y<0>
                                                       MRT/maze_border_y_not0000<1>1_INV_0
                                                       MRT/Madd_maze_border_y_sub0000_Madd_cy<1>
    SLICE_X13Y17.CIN     net (fanout=1)        0.000   MRT/Madd_maze_border_y_sub0000_Madd_cy<1>
    SLICE_X13Y17.Y       Tciny                 0.756   MRT/maze_border_y<1>
                                                       MRT/Madd_maze_border_y_sub0000_Madd_cy<2>
                                                       MRT/Madd_maze_border_y_sub0000_Madd_xor<3>
    SLICE_X12Y17.F1      net (fanout=4)        0.128   MRT/maze_border_y<2>
    SLICE_X12Y17.Y       Topy                  1.506   MRT/centered_tile_y_addsub0000<2>
                                                       MRT/Msub_centered_tile_y_addsub0000_lut<2>
                                                       MRT/Msub_centered_tile_y_addsub0000_cy<2>
                                                       MRT/Msub_centered_tile_y_addsub0000_xor<3>
    SLICE_X12Y15.F3      net (fanout=3)        0.266   MRT/centered_tile_y_addsub0000<3>
    SLICE_X12Y15.X       Tilo                  0.660   MRT/centered_tile_y<0>19
                                                       MRT/centered_tile_y<0>19
    SLICE_X14Y14.G3      net (fanout=1)        0.300   MRT/centered_tile_y<0>19
    SLICE_X14Y14.X       Tif5x                 1.000   MRT/N16
                                                       MRT/centered_tile_y<0>136_F
                                                       MRT/centered_tile_y<0>136
    SLICE_X12Y26.G3      net (fanout=3)        0.863   MRT/N16
    SLICE_X12Y26.Y       Tilo                  0.660   MRT/N27
                                                       MRT/centered_tile_y<1>47
    MULT18X18_X0Y3.A1    net (fanout=3)        0.574   MRT/centered_tile_y<1>
    MULT18X18_X0Y3.P2    Tmult                 3.251   MRT/Mmult__mult0001
                                                       MRT/Mmult__mult0001
    SLICE_X3Y27.F1       net (fanout=1)        1.001   MRT/_mult0001<2>
    SLICE_X3Y27.COUT     Topcyf                1.011   MRT/_sub0003<2>
                                                       MRT/Msub__sub0003_lut<2>
                                                       MRT/Msub__sub0003_cy<2>
                                                       MRT/Msub__sub0003_cy<3>
    SLICE_X3Y28.CIN      net (fanout=1)        0.000   MRT/Msub__sub0003_cy<3>
    SLICE_X3Y28.COUT     Tbyp                  0.103   MRT/_sub0003<4>
                                                       MRT/Msub__sub0003_cy<4>
                                                       MRT/Msub__sub0003_cy<5>
    SLICE_X3Y29.CIN      net (fanout=1)        0.000   MRT/Msub__sub0003_cy<5>
    SLICE_X3Y29.COUT     Tbyp                  0.103   MRT/_sub0003<6>
                                                       MRT/Msub__sub0003_cy<6>
                                                       MRT/Msub__sub0003_cy<7>
    SLICE_X3Y30.CIN      net (fanout=1)        0.000   MRT/Msub__sub0003_cy<7>
    SLICE_X3Y30.COUT     Tbyp                  0.103   MRT/_sub0003<8>
                                                       MRT/Msub__sub0003_cy<8>
                                                       MRT/Msub__sub0003_cy<9>
    SLICE_X3Y31.CIN      net (fanout=1)        0.000   MRT/Msub__sub0003_cy<9>
    SLICE_X3Y31.X        Tcinx                 0.402   MRT/_sub0003<10>
                                                       MRT/Msub__sub0003_xor<10>
    SLICE_X2Y36.G3       net (fanout=1)        0.454   MRT/_sub0003<10>
    SLICE_X2Y36.Y        Tilo                  0.660   MRT/N102
                                                       MRT/_shift0000<0>22_SW0
    SLICE_X2Y36.F4       net (fanout=1)        0.020   MRT/_shift0000<0>22_SW0/O
    SLICE_X2Y36.X        Tilo                  0.660   MRT/N102
                                                       MRT/_shift0000<0>22
    SLICE_X2Y51.G1       net (fanout=2)        0.677   MRT/N102
    SLICE_X2Y51.Y        Tilo                  0.660   MRT/N239
                                                       MRT/Madd__COND_13_Madd_lut<3>58_SW0
    SLICE_X0Y56.G3       net (fanout=1)        0.512   N125
    SLICE_X0Y56.Y        Tilo                  0.660   MRT/Madd__COND_13_Madd_lut<3>101
                                                       MRT/Madd__COND_13_Madd_lut<3>58
    SLICE_X0Y56.F4       net (fanout=1)        0.020   MRT/Madd__COND_13_Madd_lut<3>58/O
    SLICE_X0Y56.X        Tilo                  0.660   MRT/Madd__COND_13_Madd_lut<3>101
                                                       MRT/Madd__COND_13_Madd_lut<3>101
    SLICE_X12Y60.F1      net (fanout=1)        0.752   MRT/Madd__COND_13_Madd_lut<3>101
    SLICE_X12Y60.X       Tilo                  0.660   MRT/Madd__COND_13_Madd_lut<3>
                                                       MRT/Madd__COND_13_Madd_lut<3>229
    SLICE_X13Y60.F4      net (fanout=2)        0.039   MRT/Madd__COND_13_Madd_lut<3>
    SLICE_X13Y60.X       Tilo                  0.612   N115
                                                       MRT/rgb_next_and0002329_SW1
    SLICE_X12Y61.G3      net (fanout=1)        0.019   N115
    SLICE_X12Y61.Y       Tilo                  0.660   MRT/rgb_next<0>
                                                       MRT/rgb_next_and0002329
    SLICE_X12Y61.F3      net (fanout=2)        0.021   MRT/rgb_next_and0002
    SLICE_X12Y61.CLK     Tfck                  0.776   MRT/rgb_next<0>
                                                       MRT/rgb_next_mux0000<0>2
                                                       MRT/rgb_next_0
    -------------------------------------------------  ---------------------------
    Total                                     29.638ns (21.516ns logic, 8.122ns route)
                                                       (72.6% logic, 27.4% route)

--------------------------------------------------------------------------------

Hold Paths: TS_clk = PERIOD TIMEGRP "clk" 20 ns HIGH 50%;
--------------------------------------------------------------------------------

Paths for end point KB/ps2_rx_unit/filter_reg_2 (SLICE_X51Y4.BY), 1 path
--------------------------------------------------------------------------------
Slack (hold path):      0.901ns (requirement - (clock path skew + uncertainty - data path))
  Source:               KB/ps2_rx_unit/filter_reg_3 (FF)
  Destination:          KB/ps2_rx_unit/filter_reg_2 (FF)
  Requirement:          0.000ns
  Data Path Delay:      0.901ns (Levels of Logic = 0)
  Clock Path Skew:      0.000ns
  Source Clock:         clk_BUFGP rising at 20.000ns
  Destination Clock:    clk_BUFGP rising at 20.000ns
  Clock Uncertainty:    0.000ns

  Minimum Data Path: KB/ps2_rx_unit/filter_reg_3 to KB/ps2_rx_unit/filter_reg_2
    Location             Delay type         Delay(ns)  Physical Resource
                                                       Logical Resource(s)
    -------------------------------------------------  -------------------
    SLICE_X51Y4.XQ       Tcko                  0.411   KB/ps2_rx_unit/filter_reg<3>
                                                       KB/ps2_rx_unit/filter_reg_3
    SLICE_X51Y4.BY       net (fanout=4)        0.373   KB/ps2_rx_unit/filter_reg<3>
    SLICE_X51Y4.CLK      Tckdi       (-Th)    -0.117   KB/ps2_rx_unit/filter_reg<3>
                                                       KB/ps2_rx_unit/filter_reg_2
    -------------------------------------------------  ---------------------------
    Total                                      0.901ns (0.528ns logic, 0.373ns route)
                                                       (58.6% logic, 41.4% route)

--------------------------------------------------------------------------------

Paths for end point slow_clk (SLICE_X24Y91.BY), 1 path
--------------------------------------------------------------------------------
Slack (hold path):      0.961ns (requirement - (clock path skew + uncertainty - data path))
  Source:               slow_clk (FF)
  Destination:          slow_clk (FF)
  Requirement:          0.000ns
  Data Path Delay:      0.961ns (Levels of Logic = 0)
  Clock Path Skew:      0.000ns
  Source Clock:         clk_BUFGP rising at 20.000ns
  Destination Clock:    clk_BUFGP rising at 20.000ns
  Clock Uncertainty:    0.000ns

  Minimum Data Path: slow_clk to slow_clk
    Location             Delay type         Delay(ns)  Physical Resource
                                                       Logical Resource(s)
    -------------------------------------------------  -------------------
    SLICE_X24Y91.YQ      Tcko                  0.454   slow_clk1
                                                       slow_clk
    SLICE_X24Y91.BY      net (fanout=2)        0.375   slow_clk1
    SLICE_X24Y91.CLK     Tckdi       (-Th)    -0.132   slow_clk1
                                                       slow_clk
    -------------------------------------------------  ---------------------------
    Total                                      0.961ns (0.586ns logic, 0.375ns route)
                                                       (61.0% logic, 39.0% route)

--------------------------------------------------------------------------------

Paths for end point MRT/VGAS/h_count_reg_8 (SLICE_X1Y38.CE), 1 path
--------------------------------------------------------------------------------
Slack (hold path):      0.966ns (requirement - (clock path skew + uncertainty - data path))
  Source:               MRT/VGAS/mod2_reg (FF)
  Destination:          MRT/VGAS/h_count_reg_8 (FF)
  Requirement:          0.000ns
  Data Path Delay:      0.965ns (Levels of Logic = 0)
  Clock Path Skew:      -0.001ns (0.013 - 0.014)
  Source Clock:         clk_BUFGP rising at 20.000ns
  Destination Clock:    clk_BUFGP rising at 20.000ns
  Clock Uncertainty:    0.000ns

  Minimum Data Path: MRT/VGAS/mod2_reg to MRT/VGAS/h_count_reg_8
    Location             Delay type         Delay(ns)  Physical Resource
                                                       Logical Resource(s)
    -------------------------------------------------  -------------------
    SLICE_X1Y41.YQ       Tcko                  0.409   MRT/VGAS/mod2_reg
                                                       MRT/VGAS/mod2_reg
    SLICE_X1Y38.CE       net (fanout=7)        0.485   MRT/VGAS/mod2_reg
    SLICE_X1Y38.CLK      Tckce       (-Th)    -0.071   MRT/VGAS/h_count_reg<8>
                                                       MRT/VGAS/h_count_reg_8
    -------------------------------------------------  ---------------------------
    Total                                      0.965ns (0.480ns logic, 0.485ns route)
                                                       (49.7% logic, 50.3% route)

--------------------------------------------------------------------------------

Component Switching Limit Checks: TS_clk = PERIOD TIMEGRP "clk" 20 ns HIGH 50%;
--------------------------------------------------------------------------------
Slack: 18.562ns (period - (min low pulse limit / (low pulse / period)))
  Period: 20.000ns
  Low pulse: 10.000ns
  Low pulse limit: 0.719ns (Tcl)
  Physical resource: MRT/rgb_next<0>/CLK
  Logical resource: MRT/rgb_next_0/CK
  Location pin: SLICE_X12Y61.CLK
  Clock network: clk_BUFGP
--------------------------------------------------------------------------------
Slack: 18.562ns (period - (min high pulse limit / (high pulse / period)))
  Period: 20.000ns
  High pulse: 10.000ns
  High pulse limit: 0.719ns (Tch)
  Physical resource: MRT/rgb_next<0>/CLK
  Logical resource: MRT/rgb_next_0/CK
  Location pin: SLICE_X12Y61.CLK
  Clock network: clk_BUFGP
--------------------------------------------------------------------------------
Slack: 18.562ns (period - (min low pulse limit / (low pulse / period)))
  Period: 20.000ns
  Low pulse: 10.000ns
  Low pulse limit: 0.719ns (Tcl)
  Physical resource: MRT/VGAS/h_sync_reg/CLK
  Logical resource: MRT/VGAS/h_sync_reg/CK
  Location pin: SLICE_X0Y39.CLK
  Clock network: clk_BUFGP
--------------------------------------------------------------------------------


1 constraint not met.


Data Sheet report:
-----------------
All values displayed in nanoseconds (ns)

Clock to Setup on destination clock clk
---------------+---------+---------+---------+---------+
               | Src:Rise| Src:Fall| Src:Rise| Src:Fall|
Source Clock   |Dest:Rise|Dest:Rise|Dest:Fall|Dest:Fall|
---------------+---------+---------+---------+---------+
clk            |   30.893|         |    2.466|         |
---------------+---------+---------+---------+---------+


Timing summary:
---------------

Timing errors: 7  Score: 51474  (Setup/Max: 51474, Hold: 0)

Constraints cover 540806486 paths, 0 nets, and 3351 connections

Design statistics:
   Minimum period:  30.893ns{1}   (Maximum frequency:  32.370MHz)


------------------------------------Footnotes-----------------------------------
1)  The minimum period statistic assumes all single cycle delays.

Analysis completed Sat Apr 27 20:45:31 2013 
--------------------------------------------------------------------------------

Trace Settings:
-------------------------
Trace Settings 

Peak Memory Usage: 206 MB



