MO vga_sync NULL vga_sync.v vlg62/vga__sync.bin 1367281005
MO font_apple NULL apple_text.v vlg54/font__apple.bin 1366907091
MO font_rom NULL list_ch14_01_font_rom.v vlg6C/font__rom.bin 1367281003
MO font_test_top NULL list_ch14_03_font_test_top.v vlg20/font__test__top.bin 1367279585
MO font_test_gen NULL list_ch14_02_font_test_gen.v vlg27/font__test__gen.bin 1367281005
